// Vitest Snapshot v1, https://vitest.dev/guide/snapshot.html

exports[`datatype > 42 > boolean > noArgs 1`] = `true`;

exports[`datatype > 42 > boolean > noArgs 2`] = `false`;

exports[`datatype > 42 > boolean > noArgs 3`] = `false`;

exports[`datatype > 42 > boolean > noArgs 4`] = `false`;

exports[`datatype > 42 > boolean > noArgs 5`] = `true`;

exports[`datatype > 42 > boolean > with probability 1`] = `true`;

exports[`datatype > 42 > boolean > with probability option 1`] = `false`;

exports[`datatype > 1211 > boolean > noArgs 1`] = `false`;

exports[`datatype > 1211 > boolean > noArgs 2`] = `false`;

exports[`datatype > 1211 > boolean > noArgs 3`] = `true`;

exports[`datatype > 1211 > boolean > noArgs 4`] = `false`;

exports[`datatype > 1211 > boolean > noArgs 5`] = `false`;

exports[`datatype > 1211 > boolean > with probability 1`] = `false`;

exports[`datatype > 1211 > boolean > with probability option 1`] = `false`;

exports[`datatype > 1337 > boolean > noArgs 1`] = `true`;

exports[`datatype > 1337 > boolean > noArgs 2`] = `true`;

exports[`datatype > 1337 > boolean > noArgs 3`] = `true`;

exports[`datatype > 1337 > boolean > noArgs 4`] = `true`;

exports[`datatype > 1337 > boolean > noArgs 5`] = `true`;

exports[`datatype > 1337 > boolean > with probability 1`] = `true`;

exports[`datatype > 1337 > boolean > with probability option 1`] = `false`;
