// Vitest Snapshot v1, https://vitest.dev/guide/snapshot.html

exports[`git > 42 > branch 1`] = `"array-parse"`;

exports[`git > 42 > commitDate > with only Date refDate 1`] = `"Tue Dec 31 15:00:39 2019 +1100"`;

exports[`git > 42 > commitDate > with only number refDate 1`] = `"Tue Dec 31 15:00:39 2019 +1100"`;

exports[`git > 42 > commitDate > with only string refDate 1`] = `"Tue Dec 31 15:00:39 2019 +1100"`;

exports[`git > 42 > commitEntry > with only Date refDate 1`] = `
"commit ead331ddf0fc4446b96d368ab4bd1d31efb62f92
Author: Jerome Vandervort <Jerome_Vandervort@hotmail.com>
Date: Tue Dec 31 09:39:01 2019 +1100

    bypass digital protocol
"
`;

exports[`git > 42 > commitEntry > with only number refDate 1`] = `
"commit ead331ddf0fc4446b96d368ab4bd1d31efb62f92
Author: Jerome Vandervort <Jerome_Vandervort@hotmail.com>
Date: Tue Dec 31 09:39:01 2019 +1100

    bypass digital protocol
"
`;

exports[`git > 42 > commitEntry > with only string refDate 1`] = `
"commit ead331ddf0fc4446b96d368ab4bd1d31efb62f92
Author: Jerome Vandervort <Jerome_Vandervort@hotmail.com>
Date: Tue Dec 31 09:39:01 2019 +1100

    bypass digital protocol
"
`;

exports[`git > 42 > commitMessage 1`] = `"navigate mobile monitor"`;

exports[`git > 42 > commitSha > noArgs 1`] = `"8ead331ddf0fc4446b96d368ab4bd1d31efb62f9"`;

exports[`git > 42 > commitSha > with length 7 1`] = `"8ead331"`;

exports[`git > 42 > commitSha > with length 8 1`] = `"8ead331d"`;

exports[`git > 1211 > branch 1`] = `"capacitor-reboot"`;

exports[`git > 1211 > commitDate > with only Date refDate 1`] = `"Tue Dec 31 01:42:55 2019 +1000"`;

exports[`git > 1211 > commitDate > with only number refDate 1`] = `"Tue Dec 31 01:42:55 2019 +1000"`;

exports[`git > 1211 > commitDate > with only string refDate 1`] = `"Tue Dec 31 01:42:55 2019 +1000"`;

exports[`git > 1211 > commitEntry > with only Date refDate 1`] = `
"commit d4fefa7fbaec9dc4c48fa8ebf46fb7c8563cf3fa
Author: Deion Durgan <Deion.Durgan@hotmail.com>
Date: Tue Dec 31 12:51:43 2019 -0600

    calculate optical bandwidth
"
`;

exports[`git > 1211 > commitEntry > with only number refDate 1`] = `
"commit d4fefa7fbaec9dc4c48fa8ebf46fb7c8563cf3fa
Author: Deion Durgan <Deion.Durgan@hotmail.com>
Date: Tue Dec 31 12:51:43 2019 -0600

    calculate optical bandwidth
"
`;

exports[`git > 1211 > commitEntry > with only string refDate 1`] = `
"commit d4fefa7fbaec9dc4c48fa8ebf46fb7c8563cf3fa
Author: Deion Durgan <Deion.Durgan@hotmail.com>
Date: Tue Dec 31 12:51:43 2019 -0600

    calculate optical bandwidth
"
`;

exports[`git > 1211 > commitMessage 1`] = `"reboot solid state program"`;

exports[`git > 1211 > commitSha > noArgs 1`] = `"ed4fefa7fbaec9dc4c48fa8ebf46fb7c8563cf3f"`;

exports[`git > 1211 > commitSha > with length 7 1`] = `"ed4fefa"`;

exports[`git > 1211 > commitSha > with length 8 1`] = `"ed4fefa7"`;

exports[`git > 1337 > branch 1`] = `"port-hack"`;

exports[`git > 1337 > commitDate > with only Date refDate 1`] = `"Tue Dec 31 17:42:40 2019 -0800"`;

exports[`git > 1337 > commitDate > with only number refDate 1`] = `"Tue Dec 31 17:42:40 2019 -0800"`;

exports[`git > 1337 > commitDate > with only string refDate 1`] = `"Tue Dec 31 17:42:40 2019 -0800"`;

exports[`git > 1337 > commitEntry > with only Date refDate 1`] = `
"commit 36a7b5fa28d2f9bb79ca46ea394bc4f9bb0af328
Author: Matt_Hills <Matt_Hills99@yahoo.com>
Date: Tue Dec 31 23:39:16 2019 -0900

    reboot mobile sensor
"
`;

exports[`git > 1337 > commitEntry > with only number refDate 1`] = `
"commit 36a7b5fa28d2f9bb79ca46ea394bc4f9bb0af328
Author: Matt_Hills <Matt_Hills99@yahoo.com>
Date: Tue Dec 31 23:39:16 2019 -0900

    reboot mobile sensor
"
`;

exports[`git > 1337 > commitEntry > with only string refDate 1`] = `
"commit 36a7b5fa28d2f9bb79ca46ea394bc4f9bb0af328
Author: Matt_Hills <Matt_Hills99@yahoo.com>
Date: Tue Dec 31 23:39:16 2019 -0900

    reboot mobile sensor
"
`;

exports[`git > 1337 > commitMessage 1`] = `"compress back-end port"`;

exports[`git > 1337 > commitSha > noArgs 1`] = `"536a7b5fa28d2f9bb79ca46ea394bc4f9bb0af32"`;

exports[`git > 1337 > commitSha > with length 7 1`] = `"536a7b5"`;

exports[`git > 1337 > commitSha > with length 8 1`] = `"536a7b5f"`;
