// Vitest Snapshot v1, https://vitest.dev/guide/snapshot.html

exports[`git > 42 > branch 1`] = `"interface-reboot"`;

exports[`git > 42 > commitDate > with only Date refDate 1`] = `"Tue Dec 31 15:00:39 2019 +1100"`;

exports[`git > 42 > commitDate > with only number refDate 1`] = `"Tue Dec 31 15:00:39 2019 +1100"`;

exports[`git > 42 > commitDate > with only string refDate 1`] = `"Tue Dec 31 15:00:39 2019 +1100"`;

exports[`git > 42 > commitEntry > with only Date refDate 1`] = `
"commit efd331cdf0eb4446b96d368aa4bc1d41eeb62e93
Author: Jerome_Upton <Jerome_Upton93@gmail.com>
Date: Tue Dec 31 02:31:26 2019 +0300

    reboot back-end program
"
`;

exports[`git > 42 > commitEntry > with only number refDate 1`] = `
"commit efd331cdf0eb4446b96d368aa4bc1d41eeb62e93
Author: Jerome_Upton <Jerome_Upton93@gmail.com>
Date: Tue Dec 31 02:31:26 2019 +0300

    reboot back-end program
"
`;

exports[`git > 42 > commitEntry > with only string refDate 1`] = `
"commit efd331cdf0eb4446b96d368aa4bc1d41eeb62e93
Author: Jerome_Upton <Jerome_Upton93@gmail.com>
Date: Tue Dec 31 02:31:26 2019 +0300

    reboot back-end program
"
`;

exports[`git > 42 > commitMessage 1`] = `"navigate solid state monitor"`;

exports[`git > 42 > commitSha > noArgs 1`] = `"8efd331cdf0eb4446b96d368aa4bc1d41eeb62e9"`;

exports[`git > 42 > commitSha > with length 7 1`] = `"8efd331"`;

exports[`git > 42 > commitSha > with length 8 1`] = `"8efd331c"`;

exports[`git > 1211 > branch 1`] = `"circuit-program"`;

exports[`git > 1211 > commitDate > with only Date refDate 1`] = `"Tue Dec 31 01:42:55 2019 +1000"`;

exports[`git > 1211 > commitDate > with only number refDate 1`] = `"Tue Dec 31 01:42:55 2019 +1000"`;

exports[`git > 1211 > commitDate > with only string refDate 1`] = `"Tue Dec 31 01:42:55 2019 +1000"`;

exports[`git > 1211 > commitEntry > with only Date refDate 1`] = `
"commit d5feea7fbaeb9cc5c48fa8ebe56fb7c8674cf3fa
Author: Deion.Durgan <Deion.Durgan@gmail.com>
Date: Tue Dec 31 05:22:44 2019 +0100

    connect open-source pixel
"
`;

exports[`git > 1211 > commitEntry > with only number refDate 1`] = `
"commit d5feea7fbaeb9cc5c48fa8ebe56fb7c8674cf3fa
Author: Deion.Durgan <Deion.Durgan@gmail.com>
Date: Tue Dec 31 05:22:44 2019 +0100

    connect open-source pixel
"
`;

exports[`git > 1211 > commitEntry > with only string refDate 1`] = `
"commit d5feea7fbaeb9cc5c48fa8ebe56fb7c8674cf3fa
Author: Deion.Durgan <Deion.Durgan@gmail.com>
Date: Tue Dec 31 05:22:44 2019 +0100

    connect open-source pixel
"
`;

exports[`git > 1211 > commitMessage 1`] = `"reboot optical program"`;

exports[`git > 1211 > commitSha > noArgs 1`] = `"dd5feea7fbaeb9cc5c48fa8ebe56fb7c8674cf3f"`;

exports[`git > 1211 > commitSha > with length 7 1`] = `"dd5feea"`;

exports[`git > 1211 > commitSha > with length 8 1`] = `"dd5feea7"`;

exports[`git > 1337 > branch 1`] = `"port-override"`;

exports[`git > 1337 > commitDate > with only Date refDate 1`] = `"Tue Dec 31 17:42:40 2019 -0700"`;

exports[`git > 1337 > commitDate > with only number refDate 1`] = `"Tue Dec 31 17:42:40 2019 -0700"`;

exports[`git > 1337 > commitDate > with only string refDate 1`] = `"Tue Dec 31 17:42:40 2019 -0700"`;

exports[`git > 1337 > commitEntry > with only Date refDate 1`] = `
"commit 36a7b6ef28d3f9bb89ca46ea494bb4e9bb0ff338
Author: Matilde.Hills <Matilde_Hills@hotmail.com>
Date: Tue Dec 31 00:03:45 2019 -0500

    back up back-end capacitor
"
`;

exports[`git > 1337 > commitEntry > with only number refDate 1`] = `
"commit 36a7b6ef28d3f9bb89ca46ea494bb4e9bb0ff338
Author: Matilde.Hills <Matilde_Hills@hotmail.com>
Date: Tue Dec 31 00:03:45 2019 -0500

    back up back-end capacitor
"
`;

exports[`git > 1337 > commitEntry > with only string refDate 1`] = `
"commit 36a7b6ef28d3f9bb89ca46ea494bb4e9bb0ff338
Author: Matilde.Hills <Matilde_Hills@hotmail.com>
Date: Tue Dec 31 00:03:45 2019 -0500

    back up back-end capacitor
"
`;

exports[`git > 1337 > commitMessage 1`] = `"compress digital port"`;

exports[`git > 1337 > commitSha > noArgs 1`] = `"636a7b6ef28d3f9bb89ca46ea494bb4e9bb0ff33"`;

exports[`git > 1337 > commitSha > with length 7 1`] = `"636a7b6"`;

exports[`git > 1337 > commitSha > with length 8 1`] = `"636a7b6e"`;
