// Vitest Snapshot v1, https://vitest.dev/guide/snapshot.html

exports[`hacker > 42 > abbreviation 1`] = `"HTTP"`;

exports[`hacker > 42 > adjective 1`] = `"haptic"`;

exports[`hacker > 42 > ingverb 1`] = `"copying"`;

exports[`hacker > 42 > noun 1`] = `"driver"`;

exports[`hacker > 42 > phrase 1`] = `"The TCP pixel is down, navigate the bluetooth port so we can calculate the VGA microchip!"`;

exports[`hacker > 42 > verb 1`] = `"generate"`;

exports[`hacker > 1211 > abbreviation 1`] = `"UTF8"`;

exports[`hacker > 1211 > adjective 1`] = `"virtual"`;

exports[`hacker > 1211 > ingverb 1`] = `"synthesizing"`;

exports[`hacker > 1211 > noun 1`] = `"system"`;

exports[`hacker > 1211 > phrase 1`] = `"programming the capacitor won't do anything, we need to transmit the virtual JSON bandwidth!"`;

exports[`hacker > 1211 > verb 1`] = `"synthesize"`;

exports[`hacker > 1337 > abbreviation 1`] = `"FTP"`;

exports[`hacker > 1337 > adjective 1`] = `"cross-platform"`;

exports[`hacker > 1337 > ingverb 1`] = `"connecting"`;

exports[`hacker > 1337 > noun 1`] = `"card"`;

exports[`hacker > 1337 > phrase 1`] = `"The RAM card is down, back up the bluetooth matrix so we can copy the COM hard drive!"`;

exports[`hacker > 1337 > verb 1`] = `"connect"`;
