// Vitest Snapshot v1, https://vitest.dev/guide/snapshot.html

exports[`image > 42 > avatar 1`] = `"https://cloudflare-ipfs.com/ipfs/Qmd3W5DuhgHirLHGVixi6V76LhCkZUz6pnFt5AJBiyvHye/avatar/1188.jpg"`;

exports[`image > 42 > avatarGitHub 1`] = `"https://avatars.githubusercontent.com/u/37454012"`;

exports[`image > 42 > avatarLegacy 1`] = `"https://cloudflare-ipfs.com/ipfs/Qmd3W5DuhgHirLHGVixi6V76LhCkZUz6pnFt5AJBiyvHye/avatar/468.jpg"`;

exports[`image > 42 > dataUri > noArgs 1`] = `"data:image/svg+xml;base64,PHN2ZyB4bWxucz0iaHR0cDovL3d3dy53My5vcmcvMjAwMC9zdmciIHZlcnNpb249IjEuMSIgYmFzZVByb2ZpbGU9ImZ1bGwiIHdpZHRoPSIxNDk4IiBoZWlnaHQ9IjM4MDIiPjxyZWN0IHdpZHRoPSIxMDAlIiBoZWlnaHQ9IjEwMCUiIGZpbGw9IiNhZDMzMWQiLz48dGV4dCB4PSI3NDkiIHk9IjE5MDEiIGZvbnQtc2l6ZT0iMjAiIGFsaWdubWVudC1iYXNlbGluZT0ibWlkZGxlIiB0ZXh0LWFuY2hvcj0ibWlkZGxlIiBmaWxsPSJ3aGl0ZSI+MTQ5OHgzODAyPC90ZXh0Pjwvc3ZnPg=="`;

exports[`image > 42 > dataUri > with all options+base64 1`] = `"data:image/svg+xml;base64,PHN2ZyB4bWxucz0iaHR0cDovL3d3dy53My5vcmcvMjAwMC9zdmciIHZlcnNpb249IjEuMSIgYmFzZVByb2ZpbGU9ImZ1bGwiIHdpZHRoPSIyIiBoZWlnaHQ9IjEzMzciPjxyZWN0IHdpZHRoPSIxMDAlIiBoZWlnaHQ9IjEwMCUiIGZpbGw9IiM2NDMyMTgiLz48dGV4dCB4PSIxIiB5PSI2NjguNSIgZm9udC1zaXplPSIyMCIgYWxpZ25tZW50LWJhc2VsaW5lPSJtaWRkbGUiIHRleHQtYW5jaG9yPSJtaWRkbGUiIGZpbGw9IndoaXRlIj4yeDEzMzc8L3RleHQ+PC9zdmc+"`;

exports[`image > 42 > dataUri > with all options+uri 1`] = `"data:image/svg+xml;charset=UTF-8,%3Csvg%20xmlns%3D%22http%3A%2F%2Fwww.w3.org%2F2000%2Fsvg%22%20version%3D%221.1%22%20baseProfile%3D%22full%22%20width%3D%2242%22%20height%3D%22314%22%3E%3Crect%20width%3D%22100%25%22%20height%3D%22100%25%22%20fill%3D%22red%22%2F%3E%3Ctext%20x%3D%2221%22%20y%3D%22157%22%20font-size%3D%2220%22%20alignment-baseline%3D%22middle%22%20text-anchor%3D%22middle%22%20fill%3D%22white%22%3E42x314%3C%2Ftext%3E%3C%2Fsvg%3E"`;

exports[`image > 42 > dataUri > with color 1`] = `"data:image/svg+xml;base64,PHN2ZyB4bWxucz0iaHR0cDovL3d3dy53My5vcmcvMjAwMC9zdmciIHZlcnNpb249IjEuMSIgYmFzZVByb2ZpbGU9ImZ1bGwiIHdpZHRoPSIxNDk4IiBoZWlnaHQ9IjM4MDIiPjxyZWN0IHdpZHRoPSIxMDAlIiBoZWlnaHQ9IjEwMCUiIGZpbGw9ImJsdWUiLz48dGV4dCB4PSI3NDkiIHk9IjE5MDEiIGZvbnQtc2l6ZT0iMjAiIGFsaWdubWVudC1iYXNlbGluZT0ibWlkZGxlIiB0ZXh0LWFuY2hvcj0ibWlkZGxlIiBmaWxsPSJ3aGl0ZSI+MTQ5OHgzODAyPC90ZXh0Pjwvc3ZnPg=="`;

exports[`image > 42 > dataUri > with height 1`] = `"data:image/svg+xml;base64,PHN2ZyB4bWxucz0iaHR0cDovL3d3dy53My5vcmcvMjAwMC9zdmciIHZlcnNpb249IjEuMSIgYmFzZVByb2ZpbGU9ImZ1bGwiIHdpZHRoPSIxNDk4IiBoZWlnaHQ9IjEyOCI+PHJlY3Qgd2lkdGg9IjEwMCUiIGhlaWdodD0iMTAwJSIgZmlsbD0iI2VhZDMzMSIvPjx0ZXh0IHg9Ijc0OSIgeT0iNjQiIGZvbnQtc2l6ZT0iMjAiIGFsaWdubWVudC1iYXNlbGluZT0ibWlkZGxlIiB0ZXh0LWFuY2hvcj0ibWlkZGxlIiBmaWxsPSJ3aGl0ZSI+MTQ5OHgxMjg8L3RleHQ+PC9zdmc+"`;

exports[`image > 42 > dataUri > with type 1`] = `"data:image/svg+xml;base64,PHN2ZyB4bWxucz0iaHR0cDovL3d3dy53My5vcmcvMjAwMC9zdmciIHZlcnNpb249IjEuMSIgYmFzZVByb2ZpbGU9ImZ1bGwiIHdpZHRoPSIxNDk4IiBoZWlnaHQ9IjM4MDIiPjxyZWN0IHdpZHRoPSIxMDAlIiBoZWlnaHQ9IjEwMCUiIGZpbGw9IiNhZDMzMWQiLz48dGV4dCB4PSI3NDkiIHk9IjE5MDEiIGZvbnQtc2l6ZT0iMjAiIGFsaWdubWVudC1iYXNlbGluZT0ibWlkZGxlIiB0ZXh0LWFuY2hvcj0ibWlkZGxlIiBmaWxsPSJ3aGl0ZSI+MTQ5OHgzODAyPC90ZXh0Pjwvc3ZnPg=="`;

exports[`image > 42 > dataUri > with width 1`] = `"data:image/svg+xml;base64,PHN2ZyB4bWxucz0iaHR0cDovL3d3dy53My5vcmcvMjAwMC9zdmciIHZlcnNpb249IjEuMSIgYmFzZVByb2ZpbGU9ImZ1bGwiIHdpZHRoPSIxMjgiIGhlaWdodD0iMTQ5OCI+PHJlY3Qgd2lkdGg9IjEwMCUiIGhlaWdodD0iMTAwJSIgZmlsbD0iI2VhZDMzMSIvPjx0ZXh0IHg9IjY0IiB5PSI3NDkiIGZvbnQtc2l6ZT0iMjAiIGFsaWdubWVudC1iYXNlbGluZT0ibWlkZGxlIiB0ZXh0LWFuY2hvcj0ibWlkZGxlIiBmaWxsPSJ3aGl0ZSI+MTI4eDE0OTg8L3RleHQ+PC9zdmc+"`;

exports[`image > 42 > dataUri > with width and height 1`] = `"data:image/svg+xml;base64,PHN2ZyB4bWxucz0iaHR0cDovL3d3dy53My5vcmcvMjAwMC9zdmciIHZlcnNpb249IjEuMSIgYmFzZVByb2ZpbGU9ImZ1bGwiIHdpZHRoPSIxMjgiIGhlaWdodD0iMTI4Ij48cmVjdCB3aWR0aD0iMTAwJSIgaGVpZ2h0PSIxMDAlIiBmaWxsPSIjOGVhZDMzIi8+PHRleHQgeD0iNjQiIHk9IjY0IiBmb250LXNpemU9IjIwIiBhbGlnbm1lbnQtYmFzZWxpbmU9Im1pZGRsZSIgdGV4dC1hbmNob3I9Im1pZGRsZSIgZmlsbD0id2hpdGUiPjEyOHgxMjg8L3RleHQ+PC9zdmc+"`;

exports[`image > 42 > url > noArgs 1`] = `"https://picsum.photos/seed/993RBH1Y/1498/3802"`;

exports[`image > 42 > url > with height 1`] = `"https://picsum.photos/seed/B993RBH1Y/1498/128"`;

exports[`image > 42 > url > with width 1`] = `"https://picsum.photos/seed/B993RBH1Y/128/1498"`;

exports[`image > 42 > url > with width and height 1`] = `"https://loremflickr.com/128/128?lock=8563273192166996"`;

exports[`image > 42 > urlLoremFlickr > noArgs 1`] = `"https://loremflickr.com/1498/3802?lock=6593215287158609"`;

exports[`image > 42 > urlLoremFlickr > with all options 1`] = `"https://loremflickr.com/128/128/cats?lock=3373557479352566"`;

exports[`image > 42 > urlLoremFlickr > with category 1`] = `"https://loremflickr.com/1498/3802/cats?lock=6593215287158609"`;

exports[`image > 42 > urlLoremFlickr > with height 1`] = `"https://loremflickr.com/1498/128?lock=8563273192166996"`;

exports[`image > 42 > urlLoremFlickr > with width 1`] = `"https://loremflickr.com/128/1498?lock=8563273192166996"`;

exports[`image > 42 > urlLoremFlickr > with width and height 1`] = `"https://loremflickr.com/128/128?lock=3373557479352566"`;

exports[`image > 42 > urlPicsumPhotos > noArgs 1`] = `"https://picsum.photos/seed/93RBH/1498/3802?blur=6"`;

exports[`image > 42 > urlPicsumPhotos > with all options 1`] = `"https://picsum.photos/seed/WJB993R/128/128?grayscale&blur=4"`;

exports[`image > 42 > urlPicsumPhotos > with blur 1`] = `"https://picsum.photos/seed/993RBH1Y/1498/3802?blur=6"`;

exports[`image > 42 > urlPicsumPhotos > with blur and grayscale 1`] = `"https://picsum.photos/seed/B993RBH1Y/1498/3802?grayscale&blur=3"`;

exports[`image > 42 > urlPicsumPhotos > with height 1`] = `"https://picsum.photos/seed/993RBH1Y/1498/128?blur=8"`;

exports[`image > 42 > urlPicsumPhotos > with width 1`] = `"https://picsum.photos/seed/993RBH1Y/128/1498?blur=8"`;

exports[`image > 42 > urlPicsumPhotos > with width and height 1`] = `"https://picsum.photos/seed/B993RBH1Y/128/128?grayscale&blur=10"`;

exports[`image > 42 > urlPlaceholder > noArgs 1`] = `"https://via.placeholder.com/1498x3802/ad331d/df0fc4.gif?text=auctus%20cognomen%20esse"`;

exports[`image > 42 > urlPlaceholder > with all options 1`] = `"https://via.placeholder.com/128x128/FF0000/0000FF.png?text=hello"`;

exports[`image > 42 > urlPlaceholder > with backgroundColor 1`] = `"https://via.placeholder.com/1498x3802/FF0000/ad331d.png?text=suggero%20accusator%20volubilis"`;

exports[`image > 42 > urlPlaceholder > with empty colors and text 1`] = `"https://via.placeholder.com/128x128//.png?text="`;

exports[`image > 42 > urlPlaceholder > with format 1`] = `"https://via.placeholder.com/1498x3802/ad331d/df0fc4.webp?text=attonbitus%20auctus%20cognomen"`;

exports[`image > 42 > urlPlaceholder > with height 1`] = `"https://via.placeholder.com/1498x128/ead331/ddf0fc.jpeg?text=attonbitus%20auctus%20cognomen"`;

exports[`image > 42 > urlPlaceholder > with text 1`] = `"https://via.placeholder.com/1498x3802/ad331d/df0fc4.gif?text=Hello"`;

exports[`image > 42 > urlPlaceholder > with textColor 1`] = `"https://via.placeholder.com/1498x3802/ad331d/0000FF.png?text=suggero%20accusator%20volubilis"`;

exports[`image > 42 > urlPlaceholder > with width 1`] = `"https://via.placeholder.com/128x1498/ead331/ddf0fc.jpeg?text=attonbitus%20auctus%20cognomen"`;

exports[`image > 42 > urlPlaceholder > with width and height 1`] = `"https://via.placeholder.com/128x128/8ead33/1ddf0f.webp?text=benevolentia%20attonbitus%20auctus"`;

exports[`image > 1211 > avatar 1`] = `"https://avatars.githubusercontent.com/u/89347165"`;

exports[`image > 1211 > avatarGitHub 1`] = `"https://avatars.githubusercontent.com/u/92852016"`;

exports[`image > 1211 > avatarLegacy 1`] = `"https://cloudflare-ipfs.com/ipfs/Qmd3W5DuhgHirLHGVixi6V76LhCkZUz6pnFt5AJBiyvHye/avatar/1160.jpg"`;

exports[`image > 1211 > dataUri > noArgs 1`] = `"data:image/svg+xml;base64,PHN2ZyB4bWxucz0iaHR0cDovL3d3dy53My5vcmcvMjAwMC9zdmciIHZlcnNpb249IjEuMSIgYmFzZVByb2ZpbGU9ImZ1bGwiIHdpZHRoPSIzNzE0IiBoZWlnaHQ9IjM1NzMiPjxyZWN0IHdpZHRoPSIxMDAlIiBoZWlnaHQ9IjEwMCUiIGZpbGw9IiM0ZmVmYTciLz48dGV4dCB4PSIxODU3IiB5PSIxNzg2LjUiIGZvbnQtc2l6ZT0iMjAiIGFsaWdubWVudC1iYXNlbGluZT0ibWlkZGxlIiB0ZXh0LWFuY2hvcj0ibWlkZGxlIiBmaWxsPSJ3aGl0ZSI+MzcxNHgzNTczPC90ZXh0Pjwvc3ZnPg=="`;

exports[`image > 1211 > dataUri > with all options+base64 1`] = `"data:image/svg+xml;base64,PHN2ZyB4bWxucz0iaHR0cDovL3d3dy53My5vcmcvMjAwMC9zdmciIHZlcnNpb249IjEuMSIgYmFzZVByb2ZpbGU9ImZ1bGwiIHdpZHRoPSIyIiBoZWlnaHQ9IjEzMzciPjxyZWN0IHdpZHRoPSIxMDAlIiBoZWlnaHQ9IjEwMCUiIGZpbGw9IiM2NDMyMTgiLz48dGV4dCB4PSIxIiB5PSI2NjguNSIgZm9udC1zaXplPSIyMCIgYWxpZ25tZW50LWJhc2VsaW5lPSJtaWRkbGUiIHRleHQtYW5jaG9yPSJtaWRkbGUiIGZpbGw9IndoaXRlIj4yeDEzMzc8L3RleHQ+PC9zdmc+"`;

exports[`image > 1211 > dataUri > with all options+uri 1`] = `"data:image/svg+xml;charset=UTF-8,%3Csvg%20xmlns%3D%22http%3A%2F%2Fwww.w3.org%2F2000%2Fsvg%22%20version%3D%221.1%22%20baseProfile%3D%22full%22%20width%3D%2242%22%20height%3D%22314%22%3E%3Crect%20width%3D%22100%25%22%20height%3D%22100%25%22%20fill%3D%22red%22%2F%3E%3Ctext%20x%3D%2221%22%20y%3D%22157%22%20font-size%3D%2220%22%20alignment-baseline%3D%22middle%22%20text-anchor%3D%22middle%22%20fill%3D%22white%22%3E42x314%3C%2Ftext%3E%3C%2Fsvg%3E"`;

exports[`image > 1211 > dataUri > with color 1`] = `"data:image/svg+xml;base64,PHN2ZyB4bWxucz0iaHR0cDovL3d3dy53My5vcmcvMjAwMC9zdmciIHZlcnNpb249IjEuMSIgYmFzZVByb2ZpbGU9ImZ1bGwiIHdpZHRoPSIzNzE0IiBoZWlnaHQ9IjM1NzMiPjxyZWN0IHdpZHRoPSIxMDAlIiBoZWlnaHQ9IjEwMCUiIGZpbGw9ImJsdWUiLz48dGV4dCB4PSIxODU3IiB5PSIxNzg2LjUiIGZvbnQtc2l6ZT0iMjAiIGFsaWdubWVudC1iYXNlbGluZT0ibWlkZGxlIiB0ZXh0LWFuY2hvcj0ibWlkZGxlIiBmaWxsPSJ3aGl0ZSI+MzcxNHgzNTczPC90ZXh0Pjwvc3ZnPg=="`;

exports[`image > 1211 > dataUri > with height 1`] = `"data:image/svg+xml;base64,PHN2ZyB4bWxucz0iaHR0cDovL3d3dy53My5vcmcvMjAwMC9zdmciIHZlcnNpb249IjEuMSIgYmFzZVByb2ZpbGU9ImZ1bGwiIHdpZHRoPSIzNzE0IiBoZWlnaHQ9IjEyOCI+PHJlY3Qgd2lkdGg9IjEwMCUiIGhlaWdodD0iMTAwJSIgZmlsbD0iI2Q0ZmVmYSIvPjx0ZXh0IHg9IjE4NTciIHk9IjY0IiBmb250LXNpemU9IjIwIiBhbGlnbm1lbnQtYmFzZWxpbmU9Im1pZGRsZSIgdGV4dC1hbmNob3I9Im1pZGRsZSIgZmlsbD0id2hpdGUiPjM3MTR4MTI4PC90ZXh0Pjwvc3ZnPg=="`;

exports[`image > 1211 > dataUri > with type 1`] = `"data:image/svg+xml;base64,PHN2ZyB4bWxucz0iaHR0cDovL3d3dy53My5vcmcvMjAwMC9zdmciIHZlcnNpb249IjEuMSIgYmFzZVByb2ZpbGU9ImZ1bGwiIHdpZHRoPSIzNzE0IiBoZWlnaHQ9IjM1NzMiPjxyZWN0IHdpZHRoPSIxMDAlIiBoZWlnaHQ9IjEwMCUiIGZpbGw9IiM0ZmVmYTciLz48dGV4dCB4PSIxODU3IiB5PSIxNzg2LjUiIGZvbnQtc2l6ZT0iMjAiIGFsaWdubWVudC1iYXNlbGluZT0ibWlkZGxlIiB0ZXh0LWFuY2hvcj0ibWlkZGxlIiBmaWxsPSJ3aGl0ZSI+MzcxNHgzNTczPC90ZXh0Pjwvc3ZnPg=="`;

exports[`image > 1211 > dataUri > with width 1`] = `"data:image/svg+xml;base64,PHN2ZyB4bWxucz0iaHR0cDovL3d3dy53My5vcmcvMjAwMC9zdmciIHZlcnNpb249IjEuMSIgYmFzZVByb2ZpbGU9ImZ1bGwiIHdpZHRoPSIxMjgiIGhlaWdodD0iMzcxNCI+PHJlY3Qgd2lkdGg9IjEwMCUiIGhlaWdodD0iMTAwJSIgZmlsbD0iI2Q0ZmVmYSIvPjx0ZXh0IHg9IjY0IiB5PSIxODU3IiBmb250LXNpemU9IjIwIiBhbGlnbm1lbnQtYmFzZWxpbmU9Im1pZGRsZSIgdGV4dC1hbmNob3I9Im1pZGRsZSIgZmlsbD0id2hpdGUiPjEyOHgzNzE0PC90ZXh0Pjwvc3ZnPg=="`;

exports[`image > 1211 > dataUri > with width and height 1`] = `"data:image/svg+xml;base64,PHN2ZyB4bWxucz0iaHR0cDovL3d3dy53My5vcmcvMjAwMC9zdmciIHZlcnNpb249IjEuMSIgYmFzZVByb2ZpbGU9ImZ1bGwiIHdpZHRoPSIxMjgiIGhlaWdodD0iMTI4Ij48cmVjdCB3aWR0aD0iMTAwJSIgaGVpZ2h0PSIxMDAlIiBmaWxsPSIjZWQ0ZmVmIi8+PHRleHQgeD0iNjQiIHk9IjY0IiBmb250LXNpemU9IjIwIiBhbGlnbm1lbnQtYmFzZWxpbmU9Im1pZGRsZSIgdGV4dC1hbmNob3I9Im1pZGRsZSIgZmlsbD0id2hpdGUiPjEyOHgxMjg8L3RleHQ+PC9zdmc+"`;

exports[`image > 1211 > url > noArgs 1`] = `"https://loremflickr.com/3714/3573?lock=8982492793493979"`;

exports[`image > 1211 > url > with height 1`] = `"https://picsum.photos/seed/ZFGLlH/3714/128"`;

exports[`image > 1211 > url > with width 1`] = `"https://picsum.photos/seed/ZFGLlH/128/3714"`;

exports[`image > 1211 > url > with width and height 1`] = `"https://picsum.photos/seed/dZFGLlHOLE/128/128"`;

exports[`image > 1211 > urlLoremFlickr > noArgs 1`] = `"https://loremflickr.com/3714/3573?lock=2031760796090808"`;

exports[`image > 1211 > urlLoremFlickr > with all options 1`] = `"https://loremflickr.com/128/128/cats?lock=8363366038243348"`;

exports[`image > 1211 > urlLoremFlickr > with category 1`] = `"https://loremflickr.com/3714/3573/cats?lock=2031760796090808"`;

exports[`image > 1211 > urlLoremFlickr > with height 1`] = `"https://loremflickr.com/3714/128?lock=8047677172150962"`;

exports[`image > 1211 > urlLoremFlickr > with width 1`] = `"https://loremflickr.com/128/3714?lock=8047677172150962"`;

exports[`image > 1211 > urlLoremFlickr > with width and height 1`] = `"https://loremflickr.com/128/128?lock=8363366038243348"`;

exports[`image > 1211 > urlPicsumPhotos > noArgs 1`] = `"https://picsum.photos/seed/GLlHOLEPq/3714/3573?grayscale&blur=10"`;

exports[`image > 1211 > urlPicsumPhotos > with all options 1`] = `"https://picsum.photos/seed/TdZFGLlHOL/128/128?grayscale&blur=4"`;

exports[`image > 1211 > urlPicsumPhotos > with blur 1`] = `"https://picsum.photos/seed/FGLlHOLEPq/3714/3573?grayscale&blur=6"`;

exports[`image > 1211 > urlPicsumPhotos > with blur and grayscale 1`] = `"https://picsum.photos/seed/ZFGLlH/3714/3573?grayscale&blur=3"`;

exports[`image > 1211 > urlPicsumPhotos > with height 1`] = `"https://picsum.photos/seed/FGLlHOLEPq/3714/128?blur=2"`;

exports[`image > 1211 > urlPicsumPhotos > with width 1`] = `"https://picsum.photos/seed/FGLlHOLEPq/128/3714?blur=2"`;

exports[`image > 1211 > urlPicsumPhotos > with width and height 1`] = `"https://picsum.photos/seed/ZFGLlH/128/128?blur=9"`;

exports[`image > 1211 > urlPlaceholder > noArgs 1`] = `"https://via.placeholder.com/3714x3573/4fefa7/fbaec9.webp?text=unde%20blanditiis%20officia"`;

exports[`image > 1211 > urlPlaceholder > with all options 1`] = `"https://via.placeholder.com/128x128/FF0000/0000FF.png?text=hello"`;

exports[`image > 1211 > urlPlaceholder > with backgroundColor 1`] = `"https://via.placeholder.com/3714x3573/FF0000/4fefa7.png?text=tonsor%20tenuis%20sollers"`;

exports[`image > 1211 > urlPlaceholder > with empty colors and text 1`] = `"https://via.placeholder.com/128x128//.png?text="`;

exports[`image > 1211 > urlPlaceholder > with format 1`] = `"https://via.placeholder.com/3714x3573/4fefa7/fbaec9.webp?text=usque%20unde%20blanditiis"`;

exports[`image > 1211 > urlPlaceholder > with height 1`] = `"https://via.placeholder.com/3714x128/d4fefa/7fbaec.jpg?text=usque%20unde%20blanditiis"`;

exports[`image > 1211 > urlPlaceholder > with text 1`] = `"https://via.placeholder.com/3714x3573/4fefa7/fbaec9.webp?text=Hello"`;

exports[`image > 1211 > urlPlaceholder > with textColor 1`] = `"https://via.placeholder.com/3714x3573/4fefa7/0000FF.png?text=tonsor%20tenuis%20sollers"`;

exports[`image > 1211 > urlPlaceholder > with width 1`] = `"https://via.placeholder.com/128x3714/d4fefa/7fbaec.jpg?text=usque%20unde%20blanditiis"`;

exports[`image > 1211 > urlPlaceholder > with width and height 1`] = `"https://via.placeholder.com/128x128/ed4fef/a7fbae.webp?text=dapifer%20usque%20unde"`;

exports[`image > 1337 > avatar 1`] = `"https://cloudflare-ipfs.com/ipfs/Qmd3W5DuhgHirLHGVixi6V76LhCkZUz6pnFt5AJBiyvHye/avatar/198.jpg"`;

exports[`image > 1337 > avatarGitHub 1`] = `"https://avatars.githubusercontent.com/u/26202467"`;

exports[`image > 1337 > avatarLegacy 1`] = `"https://cloudflare-ipfs.com/ipfs/Qmd3W5DuhgHirLHGVixi6V76LhCkZUz6pnFt5AJBiyvHye/avatar/327.jpg"`;

exports[`image > 1337 > dataUri > noArgs 1`] = `"data:image/svg+xml;base64,PHN2ZyB4bWxucz0iaHR0cDovL3d3dy53My5vcmcvMjAwMC9zdmciIHZlcnNpb249IjEuMSIgYmFzZVByb2ZpbGU9ImZ1bGwiIHdpZHRoPSIxMDQ4IiBoZWlnaHQ9IjYzNSI+PHJlY3Qgd2lkdGg9IjEwMCUiIGhlaWdodD0iMTAwJSIgZmlsbD0iIzZhN2I1ZiIvPjx0ZXh0IHg9IjUyNCIgeT0iMzE3LjUiIGZvbnQtc2l6ZT0iMjAiIGFsaWdubWVudC1iYXNlbGluZT0ibWlkZGxlIiB0ZXh0LWFuY2hvcj0ibWlkZGxlIiBmaWxsPSJ3aGl0ZSI+MTA0OHg2MzU8L3RleHQ+PC9zdmc+"`;

exports[`image > 1337 > dataUri > with all options+base64 1`] = `"data:image/svg+xml;base64,PHN2ZyB4bWxucz0iaHR0cDovL3d3dy53My5vcmcvMjAwMC9zdmciIHZlcnNpb249IjEuMSIgYmFzZVByb2ZpbGU9ImZ1bGwiIHdpZHRoPSIyIiBoZWlnaHQ9IjEzMzciPjxyZWN0IHdpZHRoPSIxMDAlIiBoZWlnaHQ9IjEwMCUiIGZpbGw9IiM2NDMyMTgiLz48dGV4dCB4PSIxIiB5PSI2NjguNSIgZm9udC1zaXplPSIyMCIgYWxpZ25tZW50LWJhc2VsaW5lPSJtaWRkbGUiIHRleHQtYW5jaG9yPSJtaWRkbGUiIGZpbGw9IndoaXRlIj4yeDEzMzc8L3RleHQ+PC9zdmc+"`;

exports[`image > 1337 > dataUri > with all options+uri 1`] = `"data:image/svg+xml;charset=UTF-8,%3Csvg%20xmlns%3D%22http%3A%2F%2Fwww.w3.org%2F2000%2Fsvg%22%20version%3D%221.1%22%20baseProfile%3D%22full%22%20width%3D%2242%22%20height%3D%22314%22%3E%3Crect%20width%3D%22100%25%22%20height%3D%22100%25%22%20fill%3D%22red%22%2F%3E%3Ctext%20x%3D%2221%22%20y%3D%22157%22%20font-size%3D%2220%22%20alignment-baseline%3D%22middle%22%20text-anchor%3D%22middle%22%20fill%3D%22white%22%3E42x314%3C%2Ftext%3E%3C%2Fsvg%3E"`;

exports[`image > 1337 > dataUri > with color 1`] = `"data:image/svg+xml;base64,PHN2ZyB4bWxucz0iaHR0cDovL3d3dy53My5vcmcvMjAwMC9zdmciIHZlcnNpb249IjEuMSIgYmFzZVByb2ZpbGU9ImZ1bGwiIHdpZHRoPSIxMDQ4IiBoZWlnaHQ9IjYzNSI+PHJlY3Qgd2lkdGg9IjEwMCUiIGhlaWdodD0iMTAwJSIgZmlsbD0iYmx1ZSIvPjx0ZXh0IHg9IjUyNCIgeT0iMzE3LjUiIGZvbnQtc2l6ZT0iMjAiIGFsaWdubWVudC1iYXNlbGluZT0ibWlkZGxlIiB0ZXh0LWFuY2hvcj0ibWlkZGxlIiBmaWxsPSJ3aGl0ZSI+MTA0OHg2MzU8L3RleHQ+PC9zdmc+"`;

exports[`image > 1337 > dataUri > with height 1`] = `"data:image/svg+xml;base64,PHN2ZyB4bWxucz0iaHR0cDovL3d3dy53My5vcmcvMjAwMC9zdmciIHZlcnNpb249IjEuMSIgYmFzZVByb2ZpbGU9ImZ1bGwiIHdpZHRoPSIxMDQ4IiBoZWlnaHQ9IjEyOCI+PHJlY3Qgd2lkdGg9IjEwMCUiIGhlaWdodD0iMTAwJSIgZmlsbD0iIzM2YTdiNSIvPjx0ZXh0IHg9IjUyNCIgeT0iNjQiIGZvbnQtc2l6ZT0iMjAiIGFsaWdubWVudC1iYXNlbGluZT0ibWlkZGxlIiB0ZXh0LWFuY2hvcj0ibWlkZGxlIiBmaWxsPSJ3aGl0ZSI+MTA0OHgxMjg8L3RleHQ+PC9zdmc+"`;

exports[`image > 1337 > dataUri > with type 1`] = `"data:image/svg+xml;base64,PHN2ZyB4bWxucz0iaHR0cDovL3d3dy53My5vcmcvMjAwMC9zdmciIHZlcnNpb249IjEuMSIgYmFzZVByb2ZpbGU9ImZ1bGwiIHdpZHRoPSIxMDQ4IiBoZWlnaHQ9IjYzNSI+PHJlY3Qgd2lkdGg9IjEwMCUiIGhlaWdodD0iMTAwJSIgZmlsbD0iIzZhN2I1ZiIvPjx0ZXh0IHg9IjUyNCIgeT0iMzE3LjUiIGZvbnQtc2l6ZT0iMjAiIGFsaWdubWVudC1iYXNlbGluZT0ibWlkZGxlIiB0ZXh0LWFuY2hvcj0ibWlkZGxlIiBmaWxsPSJ3aGl0ZSI+MTA0OHg2MzU8L3RleHQ+PC9zdmc+"`;

exports[`image > 1337 > dataUri > with width 1`] = `"data:image/svg+xml;base64,PHN2ZyB4bWxucz0iaHR0cDovL3d3dy53My5vcmcvMjAwMC9zdmciIHZlcnNpb249IjEuMSIgYmFzZVByb2ZpbGU9ImZ1bGwiIHdpZHRoPSIxMjgiIGhlaWdodD0iMTA0OCI+PHJlY3Qgd2lkdGg9IjEwMCUiIGhlaWdodD0iMTAwJSIgZmlsbD0iIzM2YTdiNSIvPjx0ZXh0IHg9IjY0IiB5PSI1MjQiIGZvbnQtc2l6ZT0iMjAiIGFsaWdubWVudC1iYXNlbGluZT0ibWlkZGxlIiB0ZXh0LWFuY2hvcj0ibWlkZGxlIiBmaWxsPSJ3aGl0ZSI+MTI4eDEwNDg8L3RleHQ+PC9zdmc+"`;

exports[`image > 1337 > dataUri > with width and height 1`] = `"data:image/svg+xml;base64,PHN2ZyB4bWxucz0iaHR0cDovL3d3dy53My5vcmcvMjAwMC9zdmciIHZlcnNpb249IjEuMSIgYmFzZVByb2ZpbGU9ImZ1bGwiIHdpZHRoPSIxMjgiIGhlaWdodD0iMTI4Ij48cmVjdCB3aWR0aD0iMTAwJSIgaGVpZ2h0PSIxMDAlIiBmaWxsPSIjNTM2YTdiIi8+PHRleHQgeD0iNjQiIHk9IjY0IiBmb250LXNpemU9IjIwIiBhbGlnbm1lbnQtYmFzZWxpbmU9Im1pZGRsZSIgdGV4dC1hbmNob3I9Im1pZGRsZSIgZmlsbD0id2hpdGUiPjEyOHgxMjg8L3RleHQ+PC9zdmc+"`;

exports[`image > 1337 > url > noArgs 1`] = `"https://loremflickr.com/1048/635?lock=4137158724208997"`;

exports[`image > 1337 > url > with height 1`] = `"https://loremflickr.com/1048/128?lock=2505140979113303"`;

exports[`image > 1337 > url > with width 1`] = `"https://loremflickr.com/128/1048?lock=2505140979113303"`;

exports[`image > 1337 > url > with width and height 1`] = `"https://loremflickr.com/128/128?lock=1429298155729043"`;

exports[`image > 1337 > urlLoremFlickr > noArgs 1`] = `"https://loremflickr.com/1048/635?lock=2505140979113303"`;

exports[`image > 1337 > urlLoremFlickr > with all options 1`] = `"https://loremflickr.com/128/128/cats?lock=2360108457524098"`;

exports[`image > 1337 > urlLoremFlickr > with category 1`] = `"https://loremflickr.com/1048/635/cats?lock=2505140979113303"`;

exports[`image > 1337 > urlLoremFlickr > with height 1`] = `"https://loremflickr.com/1048/128?lock=1429298155729043"`;

exports[`image > 1337 > urlLoremFlickr > with width 1`] = `"https://loremflickr.com/128/1048?lock=1429298155729043"`;

exports[`image > 1337 > urlLoremFlickr > with width and height 1`] = `"https://loremflickr.com/128/128?lock=2360108457524098"`;

exports[`image > 1337 > urlPicsumPhotos > noArgs 1`] = `"https://picsum.photos/seed/wgYJ7n/1048/635?grayscale&blur=5"`;

exports[`image > 1337 > urlPicsumPhotos > with all options 1`] = `"https://picsum.photos/seed/9hsjwg/128/128?grayscale&blur=4"`;

exports[`image > 1337 > urlPicsumPhotos > with blur 1`] = `"https://picsum.photos/seed/jwgYJ7n/1048/635?grayscale&blur=6"`;

exports[`image > 1337 > urlPicsumPhotos > with blur and grayscale 1`] = `"https://picsum.photos/seed/sjwgYJ/1048/635?grayscale&blur=3"`;

exports[`image > 1337 > urlPicsumPhotos > with height 1`] = `"https://picsum.photos/seed/jwgYJ7n/1048/128?grayscale&blur=3"`;

exports[`image > 1337 > urlPicsumPhotos > with width 1`] = `"https://picsum.photos/seed/jwgYJ7n/128/1048?grayscale&blur=3"`;

exports[`image > 1337 > urlPicsumPhotos > with width and height 1`] = `"https://picsum.photos/seed/sjwgYJ/128/128?grayscale&blur=1"`;

exports[`image > 1337 > urlPlaceholder > noArgs 1`] = `"https://via.placeholder.com/1048x635/6a7b5f/a28d2f.jpg?text=testimonium%20thalassinus%20contra"`;

exports[`image > 1337 > urlPlaceholder > with all options 1`] = `"https://via.placeholder.com/128x128/FF0000/0000FF.png?text=hello"`;

exports[`image > 1337 > urlPlaceholder > with backgroundColor 1`] = `"https://via.placeholder.com/1048x635/FF0000/6a7b5f.png?text=ancilla%20creptio%20quisquam"`;

exports[`image > 1337 > urlPlaceholder > with empty colors and text 1`] = `"https://via.placeholder.com/128x128//.png?text="`;

exports[`image > 1337 > urlPlaceholder > with format 1`] = `"https://via.placeholder.com/1048x635/6a7b5f/a28d2f.webp?text=decipio%20testimonium%20thalassinus"`;

exports[`image > 1337 > urlPlaceholder > with height 1`] = `"https://via.placeholder.com/1048x128/36a7b5/fa28d2.webp?text=decipio%20testimonium%20thalassinus"`;

exports[`image > 1337 > urlPlaceholder > with text 1`] = `"https://via.placeholder.com/1048x635/6a7b5f/a28d2f.jpg?text=Hello"`;

exports[`image > 1337 > urlPlaceholder > with textColor 1`] = `"https://via.placeholder.com/1048x635/6a7b5f/0000FF.png?text=ancilla%20creptio%20quisquam"`;

exports[`image > 1337 > urlPlaceholder > with width 1`] = `"https://via.placeholder.com/128x1048/36a7b5/fa28d2.webp?text=decipio%20testimonium%20thalassinus"`;

exports[`image > 1337 > urlPlaceholder > with width and height 1`] = `"https://via.placeholder.com/128x128/536a7b/5fa28d.gif?text=vorago%20decipio%20testimonium"`;
