// Vitest Snapshot v1, https://vitest.dev/guide/snapshot.html

exports[`internet > 42 > color > noArgs 1`] = `"#307a5e"`;

exports[`internet > 42 > color > with all options 1`] = `"#62ac90"`;

exports[`internet > 42 > color > with blueBase option 1`] = `"#307a90"`;

exports[`internet > 42 > color > with greenBase option 1`] = `"#30ac5e"`;

exports[`internet > 42 > color > with redBase option 1`] = `"#627a5e"`;

exports[`internet > 42 > displayName > noArgs 1`] = `"Garnet15"`;

exports[`internet > 42 > displayName > with Chinese names 1`] = `"大羽.陳95"`;

exports[`internet > 42 > displayName > with Cyrillic names 1`] = `"Фёдор.Достоевский95"`;

exports[`internet > 42 > displayName > with Latin names 1`] = `"Jane.Doe95"`;

exports[`internet > 42 > displayName > with accented names 1`] = `"Hélene.Müller95"`;

exports[`internet > 42 > displayName > with all option 1`] = `"Jane.Doe95"`;

exports[`internet > 42 > displayName > with firstName option 1`] = `"Jane59"`;

exports[`internet > 42 > displayName > with lastName option 1`] = `"Garnet_Doe"`;

exports[`internet > 42 > domainName 1`] = `"hospitable-unit.net"`;

exports[`internet > 42 > domainSuffix 1`] = `"info"`;

exports[`internet > 42 > domainWord 1`] = `"hospitable-unit"`;

exports[`internet > 42 > email > noArgs 1`] = `"Valentine.Miller15@yahoo.com"`;

exports[`internet > 42 > email > with all options 1`] = `"Jane.Doe@fakerjs.dev"`;

exports[`internet > 42 > email > with allowSpecialCharacters option 1`] = `"Valentine.Miller15@yahoo.com"`;

exports[`internet > 42 > email > with firstName option 1`] = `"Jane.Reynolds-Miller15@yahoo.com"`;

exports[`internet > 42 > email > with lastName option 1`] = `"Valentine_Doe59@yahoo.com"`;

exports[`internet > 42 > email > with provider option 1`] = `"Garnet.Reynolds-Miller15@fakerjs.dev"`;

exports[`internet > 42 > emoji > noArgs 1`] = `"🌾"`;

exports[`internet > 42 > emoji > with options 1`] = `"🦔"`;

exports[`internet > 42 > exampleEmail > noArgs 1`] = `"Valentine.Miller15@example.com"`;

exports[`internet > 42 > exampleEmail > with all options 1`] = `"Jane_Doe@example.com"`;

exports[`internet > 42 > exampleEmail > with allowSpecialCharacters option 1`] = `"Valentine.Miller15@example.com"`;

exports[`internet > 42 > exampleEmail > with firstName option 1`] = `"Jane.Reynolds-Miller15@example.com"`;

exports[`internet > 42 > exampleEmail > with lastName option 1`] = `"Valentine_Doe59@example.com"`;

exports[`internet > 42 > httpMethod 1`] = `"POST"`;

exports[`internet > 42 > httpStatusCode > noArgs 1`] = `226`;

exports[`internet > 42 > httpStatusCode > with options 1`] = `410`;

exports[`internet > 42 > ip 1`] = `"243.98.3.69"`;

exports[`internet > 42 > ipv4 > noArgs 1`] = `"95.225.220.121"`;

exports[`internet > 42 > ipv4 > with cidrBlock 1`] = `"192.168.13.95"`;

exports[`internet > 42 > ipv4 > with network 1`] = `"229.254.29.199"`;

exports[`internet > 42 > ipv6 1`] = `"8ead:331d:df0f:c444:6b96:d368:ab4b:d1d3"`;

exports[`internet > 42 > jwt > noArgs 1`] = `"eyJhbGciOiJSUzM4NCIsInR5cCI6IkpXVCJ9.eyJpYXQiOjE1Nzc3Njc5NzgsImV4cCI6MTU3Nzg1MDEyMCwibmJmIjoxNTU3ODcwMzk5LCJpc3MiOiJTYXR0ZXJmaWVsZCwgTWlsbGVyIGFuZCBNZXR6Iiwic3ViIjoiMjcyMTA3ZDUtOTJiYS00MDBmLTliZGYtMzAyZjI5NDk4MDYwIiwiYXVkIjoiODk2MjA0ZjUtMzcxYy00OTM2LWE4ZjktNzBkOWEyNzEwZmZmIiwianRpIjoiYzY0MDEzYTMtN2ExOS00N2QwLWIyZTYtNDJhYzQ2ODM4OTIwIn0.QMrWoTVBJVk5zcw2XkQoKgxPAmXhBxh8iNa40ZqLoci00OcHIJMLB4VmE7URQCrk"`;

exports[`internet > 42 > jwt > with header.alg 1`] = `"eyJhbGciOiJFUzI1NiIsInR5cCI6IkpXVCJ9.eyJpYXQiOjE1Nzc4MDQ0MzksImV4cCI6MTU3Nzg3MzI2MSwibmJmIjoxNjA2MjY0MjUzLCJpc3MiOiJSZXlub2xkcyBHcm91cCIsInN1YiI6Ijk5MjcyMTA3LWQ1OTItNGJhMC05MGZiLWRmMzAyZjI5NDk4MCIsImF1ZCI6IjA0ODk2MjA0LWY1MzctNDFjOS1iMzY4LWY5NzBkOWEyNzEwZiIsImp0aSI6ImY5YzY0MDEzLWEzN2EtNDE5Ny04ZDAyLWU2NDJhYzQ2ODM4OSJ9.1YQMrWoTVBJVk5zcw2XkQoKgxPAmXhBxh8iNa40ZqLoci00OcHIJMLB4VmE7URQC"`;

exports[`internet > 42 > jwt > with payload.aud 1`] = `"eyJhbGciOiJSUzM4NCIsInR5cCI6IkpXVCJ9.eyJpYXQiOjE1Nzc3Njc5NzgsImV4cCI6MTU3Nzg1MDEyMCwibmJmIjoxNTU3ODcwMzk5LCJpc3MiOiJTYXR0ZXJmaWVsZCwgTWlsbGVyIGFuZCBNZXR6Iiwic3ViIjoiMjcyMTA3ZDUtOTJiYS00MDBmLTliZGYtMzAyZjI5NDk4MDYwIiwiYXVkIjoiYXVkaWVuY2UiLCJqdGkiOiI4OTYyMDRmNS0zNzFjLTQ5MzYtYThmOS03MGQ5YTI3MTBmZmYifQ.Oni06eGerG7BuP2aUogbFKjqwcxzb1YQMrWoTVBJVk5zcw2XkQoKgxPAmXhBxh8i"`;

exports[`internet > 42 > jwt > with payload.iss 1`] = `"eyJhbGciOiJSUzM4NCIsInR5cCI6IkpXVCJ9.eyJpYXQiOjE1Nzc3Njc5NzgsImV4cCI6MTU3Nzg1MDEyMCwibmJmIjoxNTU3ODcwMzk5LCJpc3MiOiJBY21lIiwic3ViIjoiYmM5OTI3MjEtMDdkNS00OTJiLWFhMDAtZmJkZjMwMmYyOTQ5IiwiYXVkIjoiMDYwNDg5NjItMDRmNS00MzcxLThjOTMtNjhmOTcwZDlhMjcxIiwianRpIjoiZmZmOWM2NDAtMTNhMy00N2ExLWE5N2QtMDJlNjQyYWM0NjgzIn0.zb1YQMrWoTVBJVk5zcw2XkQoKgxPAmXhBxh8iNa40ZqLoci00OcHIJMLB4VmE7UR"`;

exports[`internet > 42 > jwt > with payload.jti 1`] = `"eyJhbGciOiJSUzM4NCIsInR5cCI6IkpXVCJ9.eyJpYXQiOjE1Nzc3Njc5NzgsImV4cCI6MTU3Nzg1MDEyMCwibmJmIjoxNTU3ODcwMzk5LCJpc3MiOiJTYXR0ZXJmaWVsZCwgTWlsbGVyIGFuZCBNZXR6Iiwic3ViIjoiMjcyMTA3ZDUtOTJiYS00MDBmLTliZGYtMzAyZjI5NDk4MDYwIiwiYXVkIjoiODk2MjA0ZjUtMzcxYy00OTM2LWE4ZjktNzBkOWEyNzEwZmZmIiwianRpIjoiand0IGlkIn0.Oni06eGerG7BuP2aUogbFKjqwcxzb1YQMrWoTVBJVk5zcw2XkQoKgxPAmXhBxh8i"`;

exports[`internet > 42 > jwt > with payload.sub 1`] = `"eyJhbGciOiJSUzM4NCIsInR5cCI6IkpXVCJ9.eyJpYXQiOjE1Nzc3Njc5NzgsImV4cCI6MTU3Nzg1MDEyMCwibmJmIjoxNTU3ODcwMzk5LCJpc3MiOiJTYXR0ZXJmaWVsZCwgTWlsbGVyIGFuZCBNZXR6Iiwic3ViIjoic3ViamVjdCIsImF1ZCI6IjI3MjEwN2Q1LTkyYmEtNDAwZi05YmRmLTMwMmYyOTQ5ODA2MCIsImp0aSI6Ijg5NjIwNGY1LTM3MWMtNDkzNi1hOGY5LTcwZDlhMjcxMGZmZiJ9.Oni06eGerG7BuP2aUogbFKjqwcxzb1YQMrWoTVBJVk5zcw2XkQoKgxPAmXhBxh8i"`;

exports[`internet > 42 > mac > noArgs 1`] = `"5f:b9:22:0d:9b:0f"`;

exports[`internet > 42 > mac > with separator 1`] = `"5f:b9:22:0d:9b:0f"`;

exports[`internet > 42 > mac > with separator option 1`] = `"5f-b9-22-0d-9b-0f"`;

exports[`internet > 42 > password > noArgs 1`] = `"DfYsZdp522RJCLk"`;

exports[`internet > 42 > password > with length option 1`] = `"DfYsZdp522"`;

exports[`internet > 42 > password > with length, memorable, pattern and prefix option 1`] = `"test522319"`;

exports[`internet > 42 > password > with memorable option 1`] = `"DfYsZdp522RJCLk"`;

exports[`internet > 42 > password > with pattern option 1`] = `"522319233860266"`;

exports[`internet > 42 > password > with prefix option 1`] = `"testDfYsZdp522R"`;

exports[`internet > 42 > port 1`] = `24545`;

exports[`internet > 42 > protocol 1`] = `"http"`;

exports[`internet > 42 > url > noArgs 1`] = `"https://weird-rawhide.name/"`;

exports[`internet > 42 > url > with slash appended 1`] = `"https://hospitable-unit.net/"`;

exports[`internet > 42 > url > without slash appended and with http protocol 1`] = `"http://hospitable-unit.net"`;

exports[`internet > 42 > userAgent 1`] = `"Mozilla/5.0 (X11; Linux i686; rv:13.5) Gecko/20100101 Firefox/13.5.1"`;

exports[`internet > 42 > userName > noArgs 1`] = `"Garnet.Reynolds-Miller15"`;

exports[`internet > 42 > userName > with Chinese names 1`] = `"hlzp8d.tpv"`;

exports[`internet > 42 > userName > with Cyrillic names 1`] = `"Fedor.Dostoevskii"`;

exports[`internet > 42 > userName > with Latin names 1`] = `"Jane.Doe"`;

exports[`internet > 42 > userName > with accented names 1`] = `"Helene.Muller"`;

exports[`internet > 42 > userName > with all option 1`] = `"Jane.Doe"`;

exports[`internet > 42 > userName > with firstName option 1`] = `"Jane_Wiegand59"`;

exports[`internet > 42 > userName > with lastName option 1`] = `"Garnet_Doe"`;

exports[`internet > 42 > username > noArgs 1`] = `"Garnet.Reynolds-Miller15"`;

exports[`internet > 42 > username > with Chinese names 1`] = `"hlzp8d.tpv"`;

exports[`internet > 42 > username > with Cyrillic names 1`] = `"Fedor.Dostoevskii"`;

exports[`internet > 42 > username > with Latin names 1`] = `"Jane.Doe"`;

exports[`internet > 42 > username > with accented names 1`] = `"Helene.Muller"`;

exports[`internet > 42 > username > with all option 1`] = `"Jane.Doe"`;

exports[`internet > 42 > username > with firstName option 1`] = `"Jane_Wiegand59"`;

exports[`internet > 42 > username > with lastName option 1`] = `"Garnet_Doe"`;

exports[`internet > 1211 > color > noArgs 1`] = `"#77721c"`;

exports[`internet > 1211 > color > with all options 1`] = `"#a9a44e"`;

exports[`internet > 1211 > color > with blueBase option 1`] = `"#77724e"`;

exports[`internet > 1211 > color > with greenBase option 1`] = `"#77a41c"`;

exports[`internet > 1211 > color > with redBase option 1`] = `"#a9721c"`;

exports[`internet > 1211 > displayName > noArgs 1`] = `"Tito_Fahey67"`;

exports[`internet > 1211 > displayName > with Chinese names 1`] = `"大羽89"`;

exports[`internet > 1211 > displayName > with Cyrillic names 1`] = `"Фёдор89"`;

exports[`internet > 1211 > displayName > with Latin names 1`] = `"Jane89"`;

exports[`internet > 1211 > displayName > with accented names 1`] = `"Hélene89"`;

exports[`internet > 1211 > displayName > with all option 1`] = `"Jane89"`;

exports[`internet > 1211 > displayName > with firstName option 1`] = `"Jane.Trantow99"`;

exports[`internet > 1211 > displayName > with lastName option 1`] = `"Tito_Doe22"`;

exports[`internet > 1211 > domainName 1`] = `"velvety-tarragon.biz"`;

exports[`internet > 1211 > domainSuffix 1`] = `"org"`;

exports[`internet > 1211 > domainWord 1`] = `"velvety-tarragon"`;

exports[`internet > 1211 > email > noArgs 1`] = `"Skye68@hotmail.com"`;

exports[`internet > 1211 > email > with all options 1`] = `"Jane_Doe89@fakerjs.dev"`;

exports[`internet > 1211 > email > with allowSpecialCharacters option 1`] = `"Skye68@hotmail.com"`;

exports[`internet > 1211 > email > with firstName option 1`] = `"Jane67@hotmail.com"`;

exports[`internet > 1211 > email > with lastName option 1`] = `"Skye.Doe@hotmail.com"`;

exports[`internet > 1211 > email > with provider option 1`] = `"Tito67@fakerjs.dev"`;

exports[`internet > 1211 > emoji > noArgs 1`] = `"🇹🇳"`;

exports[`internet > 1211 > emoji > with options 1`] = `"🌲"`;

exports[`internet > 1211 > exampleEmail > noArgs 1`] = `"Skye68@example.net"`;

exports[`internet > 1211 > exampleEmail > with all options 1`] = `"Jane_Doe@example.net"`;

exports[`internet > 1211 > exampleEmail > with allowSpecialCharacters option 1`] = `"Skye68@example.net"`;

exports[`internet > 1211 > exampleEmail > with firstName option 1`] = `"Jane67@example.net"`;

exports[`internet > 1211 > exampleEmail > with lastName option 1`] = `"Skye.Doe@example.net"`;

exports[`internet > 1211 > httpMethod 1`] = `"PATCH"`;

exports[`internet > 1211 > httpStatusCode > noArgs 1`] = `510`;

exports[`internet > 1211 > httpStatusCode > with options 1`] = `429`;

exports[`internet > 1211 > ip 1`] = `"d4fe:fa7f:baec:9dc4:c48f:a8eb:f46f:b7c8"`;

exports[`internet > 1211 > ipv4 > noArgs 1`] = `"237.179.127.46"`;

exports[`internet > 1211 > ipv4 > with cidrBlock 1`] = `"192.168.13.237"`;

exports[`internet > 1211 > ipv4 > with network 1`] = `"238.219.55.242"`;

exports[`internet > 1211 > ipv6 1`] = `"ed4f:efa7:fbae:c9dc:4c48:fa8e:bf46:fb7c"`;

exports[`internet > 1211 > jwt > noArgs 1`] = `"eyJhbGciOiJQUzUxMiIsInR5cCI6IkpXVCJ9.eyJpYXQiOjE1Nzc3OTcxNDEsImV4cCI6MTU3Nzg3NDMzNywibmJmIjoxNTk1Mzg3ODE4LCJpc3MiOiJDaHJpc3RpYW5zZW4gR3JvdXAiLCJzdWIiOiIwYTJhM2M2NS0yYmJkLTQwY2EtOGFiZC1lNjRkZmRmMzc5ZTMiLCJhdWQiOiI1OWY3YzA2NC1lMDg2LTRmMjMtOTk0Mi1iNjhlNWZkNDY5NDYiLCJqdGkiOiI5MjE4M2IzMi0wYmQ3LTRhMzMtYTY2My05ZDY5OTcxMGFiODIifQ.Huh9MFvHstd9BxSr6wQss3nAtIz5OSxxVXYJO5S7dHIFPulAT01KxnLZtg4RgA8y"`;

exports[`internet > 1211 > jwt > with header.alg 1`] = `"eyJhbGciOiJFUzI1NiIsInR5cCI6IkpXVCJ9.eyJpYXQiOjE1Nzc3NTY1NzYsImV4cCI6MTU3Nzc5NjIzNSwibmJmIjoxNjAyNjUzODQ0LCJpc3MiOiJGYWhleSwgQ2hyaXN0aWFuc2VuIGFuZCBaaWVtZSIsInN1YiI6IjBhMmEzYzY1LTJiYmQtNDBjYS04YWJkLWU2NGRmZGYzNzllMyIsImF1ZCI6IjU5ZjdjMDY0LWUwODYtNGYyMy05OTQyLWI2OGU1ZmQ0Njk0NiIsImp0aSI6IjkyMTgzYjMyLTBiZDctNGEzMy1hNjYzLTlkNjk5NzEwYWI4MiJ9.Huh9MFvHstd9BxSr6wQss3nAtIz5OSxxVXYJO5S7dHIFPulAT01KxnLZtg4RgA8y"`;

exports[`internet > 1211 > jwt > with payload.aud 1`] = `"eyJhbGciOiJQUzUxMiIsInR5cCI6IkpXVCJ9.eyJpYXQiOjE1Nzc3OTcxNDEsImV4cCI6MTU3Nzg3NDMzNywibmJmIjoxNTk1Mzg3ODE4LCJpc3MiOiJDaHJpc3RpYW5zZW4gR3JvdXAiLCJzdWIiOiIwYTJhM2M2NS0yYmJkLTQwY2EtOGFiZC1lNjRkZmRmMzc5ZTMiLCJhdWQiOiJhdWRpZW5jZSIsImp0aSI6IjU5ZjdjMDY0LWUwODYtNGYyMy05OTQyLWI2OGU1ZmQ0Njk0NiJ9.za4yeHe82HQuDfcpqcAQpzzt42EHybCHuh9MFvHstd9BxSr6wQss3nAtIz5OSxxV"`;

exports[`internet > 1211 > jwt > with payload.iss 1`] = `"eyJhbGciOiJQUzUxMiIsInR5cCI6IkpXVCJ9.eyJpYXQiOjE1Nzc3OTcxNDEsImV4cCI6MTU3Nzg3NDMzNywibmJmIjoxNTk1Mzg3ODE4LCJpc3MiOiJBY21lIiwic3ViIjoiMzJmMGEyYTMtYzY1Mi00YmJkLWEwY2EtYWJkZTY0ZGZkZjM3IiwiYXVkIjoiZTMyNTlmN2MtMDY0ZS00MDg2LWFmMjMtOTQyYjY4ZTVmZDQ2IiwianRpIjoiNDY0OTIxODMtYjMyMC00YmQ3LWFhMzMtNjYzOWQ2OTk3MTBhIn0.ybCHuh9MFvHstd9BxSr6wQss3nAtIz5OSxxVXYJO5S7dHIFPulAT01KxnLZtg4Rg"`;

exports[`internet > 1211 > jwt > with payload.jti 1`] = `"eyJhbGciOiJQUzUxMiIsInR5cCI6IkpXVCJ9.eyJpYXQiOjE1Nzc3OTcxNDEsImV4cCI6MTU3Nzg3NDMzNywibmJmIjoxNTk1Mzg3ODE4LCJpc3MiOiJDaHJpc3RpYW5zZW4gR3JvdXAiLCJzdWIiOiIwYTJhM2M2NS0yYmJkLTQwY2EtOGFiZC1lNjRkZmRmMzc5ZTMiLCJhdWQiOiI1OWY3YzA2NC1lMDg2LTRmMjMtOTk0Mi1iNjhlNWZkNDY5NDYiLCJqdGkiOiJqd3QgaWQifQ.za4yeHe82HQuDfcpqcAQpzzt42EHybCHuh9MFvHstd9BxSr6wQss3nAtIz5OSxxV"`;

exports[`internet > 1211 > jwt > with payload.sub 1`] = `"eyJhbGciOiJQUzUxMiIsInR5cCI6IkpXVCJ9.eyJpYXQiOjE1Nzc3OTcxNDEsImV4cCI6MTU3Nzg3NDMzNywibmJmIjoxNTk1Mzg3ODE4LCJpc3MiOiJDaHJpc3RpYW5zZW4gR3JvdXAiLCJzdWIiOiJzdWJqZWN0IiwiYXVkIjoiMGEyYTNjNjUtMmJiZC00MGNhLThhYmQtZTY0ZGZkZjM3OWUzIiwianRpIjoiNTlmN2MwNjQtZTA4Ni00ZjIzLTk5NDItYjY4ZTVmZDQ2OTQ2In0.za4yeHe82HQuDfcpqcAQpzzt42EHybCHuh9MFvHstd9BxSr6wQss3nAtIz5OSxxV"`;

exports[`internet > 1211 > mac > noArgs 1`] = `"ee:3f:aa:c5:bd:ca"`;

exports[`internet > 1211 > mac > with separator 1`] = `"ee:3f:aa:c5:bd:ca"`;

exports[`internet > 1211 > mac > with separator option 1`] = `"ee-3f-aa-c5-bd-ca"`;

exports[`internet > 1211 > password > noArgs 1`] = `"yu6biBbnj_oJsr5"`;

exports[`internet > 1211 > password > with length option 1`] = `"yu6biBbnj_"`;

exports[`internet > 1211 > password > with length, memorable, pattern and prefix option 1`] = `"test653618"`;

exports[`internet > 1211 > password > with memorable option 1`] = `"yu6biBbnj_oJsr5"`;

exports[`internet > 1211 > password > with pattern option 1`] = `"653618425553389"`;

exports[`internet > 1211 > password > with prefix option 1`] = `"testyu6biBbnj_o"`;

exports[`internet > 1211 > port 1`] = `60851`;

exports[`internet > 1211 > protocol 1`] = `"https"`;

exports[`internet > 1211 > url > noArgs 1`] = `"https://unknown-decongestant.org"`;

exports[`internet > 1211 > url > with slash appended 1`] = `"https://velvety-tarragon.biz/"`;

exports[`internet > 1211 > url > without slash appended and with http protocol 1`] = `"http://velvety-tarragon.biz"`;

exports[`internet > 1211 > userAgent 1`] = `"Mozilla/5.0 (Windows NT 6.1; Trident/7.0; rv:11.0) like Gecko"`;

exports[`internet > 1211 > userName > noArgs 1`] = `"Tito67"`;

exports[`internet > 1211 > userName > with Chinese names 1`] = `"hlzp8d_tpv89"`;

exports[`internet > 1211 > userName > with Cyrillic names 1`] = `"Fedor_Dostoevskii89"`;

exports[`internet > 1211 > userName > with Latin names 1`] = `"Jane_Doe89"`;

exports[`internet > 1211 > userName > with accented names 1`] = `"Helene_Muller89"`;

exports[`internet > 1211 > userName > with all option 1`] = `"Jane_Doe89"`;

exports[`internet > 1211 > userName > with firstName option 1`] = `"Jane99"`;

exports[`internet > 1211 > userName > with lastName option 1`] = `"Tito_Doe"`;

exports[`internet > 1211 > username > noArgs 1`] = `"Tito67"`;

exports[`internet > 1211 > username > with Chinese names 1`] = `"hlzp8d_tpv89"`;

exports[`internet > 1211 > username > with Cyrillic names 1`] = `"Fedor_Dostoevskii89"`;

exports[`internet > 1211 > username > with Latin names 1`] = `"Jane_Doe89"`;

exports[`internet > 1211 > username > with accented names 1`] = `"Helene_Muller89"`;

exports[`internet > 1211 > username > with all option 1`] = `"Jane_Doe89"`;

exports[`internet > 1211 > username > with firstName option 1`] = `"Jane99"`;

exports[`internet > 1211 > username > with lastName option 1`] = `"Tito_Doe"`;

exports[`internet > 1337 > color > noArgs 1`] = `"#211423"`;

exports[`internet > 1337 > color > with all options 1`] = `"#534655"`;

exports[`internet > 1337 > color > with blueBase option 1`] = `"#211455"`;

exports[`internet > 1337 > color > with greenBase option 1`] = `"#214623"`;

exports[`internet > 1337 > color > with redBase option 1`] = `"#531423"`;

exports[`internet > 1337 > displayName > noArgs 1`] = `"Devyn.Gottlieb"`;

exports[`internet > 1337 > displayName > with Chinese names 1`] = `"大羽15"`;

exports[`internet > 1337 > displayName > with Cyrillic names 1`] = `"Фёдор15"`;

exports[`internet > 1337 > displayName > with Latin names 1`] = `"Jane15"`;

exports[`internet > 1337 > displayName > with accented names 1`] = `"Hélene15"`;

exports[`internet > 1337 > displayName > with all option 1`] = `"Jane15"`;

exports[`internet > 1337 > displayName > with firstName option 1`] = `"Jane45"`;

exports[`internet > 1337 > displayName > with lastName option 1`] = `"Devyn.Doe"`;

exports[`internet > 1337 > domainName 1`] = `"fatal-co-producer.biz"`;

exports[`internet > 1337 > domainSuffix 1`] = `"biz"`;

exports[`internet > 1337 > domainWord 1`] = `"fatal-co-producer"`;

exports[`internet > 1337 > email > noArgs 1`] = `"Carmella.Koelpin51@gmail.com"`;

exports[`internet > 1337 > email > with all options 1`] = `"Jane.Doe15@fakerjs.dev"`;

exports[`internet > 1337 > email > with allowSpecialCharacters option 1`] = `"Carmella.Koelpin51@gmail.com"`;

exports[`internet > 1337 > email > with firstName option 1`] = `"Jane.Gottlieb@gmail.com"`;

exports[`internet > 1337 > email > with lastName option 1`] = `"Carmella.Doe45@gmail.com"`;

exports[`internet > 1337 > email > with provider option 1`] = `"Devyn.Gottlieb@fakerjs.dev"`;

exports[`internet > 1337 > emoji > noArgs 1`] = `"🧏🏾‍♂️"`;

exports[`internet > 1337 > emoji > with options 1`] = `"🐪"`;

exports[`internet > 1337 > exampleEmail > noArgs 1`] = `"Carmella.Koelpin51@example.org"`;

exports[`internet > 1337 > exampleEmail > with all options 1`] = `"Jane/Doe27@example.org"`;

exports[`internet > 1337 > exampleEmail > with allowSpecialCharacters option 1`] = `"Carmella.Koelpin51@example.org"`;

exports[`internet > 1337 > exampleEmail > with firstName option 1`] = `"Jane.Gottlieb@example.org"`;

exports[`internet > 1337 > exampleEmail > with lastName option 1`] = `"Carmella.Doe45@example.org"`;

exports[`internet > 1337 > httpMethod 1`] = `"POST"`;

exports[`internet > 1337 > httpStatusCode > noArgs 1`] = `201`;

exports[`internet > 1337 > httpStatusCode > with options 1`] = `407`;

exports[`internet > 1337 > ip 1`] = `"40.159.131.70"`;

exports[`internet > 1337 > ipv4 > noArgs 1`] = `"67.20.12.145"`;

exports[`internet > 1337 > ipv4 > with cidrBlock 1`] = `"192.168.13.67"`;

exports[`internet > 1337 > ipv4 > with network 1`] = `"228.49.64.201"`;

exports[`internet > 1337 > ipv6 1`] = `"536a:7b5f:a28d:2f9b:b79c:a46e:a394:bc4f"`;

exports[`internet > 1337 > jwt > noArgs 1`] = `"eyJhbGciOiJSUzI1NiIsInR5cCI6IkpXVCJ9.eyJpYXQiOjE1Nzc3ODgzNzAsImV4cCI6MTU3NzgwMjA4MSwibmJmIjoxNTU5NzA5MTI4LCJpc3MiOiJMaXR0ZWwgYW5kIFNvbnMiLCJzdWIiOiIwNTM4OTQ1Zi00YjQxLTRjNjEtOWE1Mi1iZjI3ZGNjYzA1NzYiLCJhdWQiOiI5OGM1Mzc0ZC1hNjc3LTQyMjYtYWQzZS04ZWQ5MmZmZTZkOGIiLCJqdGkiOiJiMGRiOWZhMi03MjY1LTRhYmMtYTBhNS1kMGNjZjUwYjg3YWYifQ.PxBgzPZJfR0i5BWhYSuhlvI90GLTFxbLFsUFayUNkSHRgiwYbItsrFoSNtupI3NG"`;

exports[`internet > 1337 > jwt > with header.alg 1`] = `"eyJhbGciOiJFUzI1NiIsInR5cCI6IkpXVCJ9.eyJpYXQiOjE1Nzc4MTQxNjAsImV4cCI6MTU3Nzg2MjU5MSwibmJmIjoxNTU2MzA5MzE2LCJpc3MiOiJHb3R0bGllYiBMTEMiLCJzdWIiOiI3MDUzODk0NS1mNGI0LTQxYzYtOTFhNS0yYmYyN2RjY2MwNTciLCJhdWQiOiI2OThjNTM3NC1kYTY3LTQ3MjItYTZkMy1lOGVkOTJmZmU2ZDgiLCJqdGkiOiI4YjBkYjlmYS0yNzI2LTQ1YWItYmMwYS01ZDBjY2Y1MGI4N2EifQ.KPxBgzPZJfR0i5BWhYSuhlvI90GLTFxbLFsUFayUNkSHRgiwYbItsrFoSNtupI3N"`;

exports[`internet > 1337 > jwt > with payload.aud 1`] = `"eyJhbGciOiJSUzI1NiIsInR5cCI6IkpXVCJ9.eyJpYXQiOjE1Nzc3ODgzNzAsImV4cCI6MTU3NzgwMjA4MSwibmJmIjoxNTU5NzA5MTI4LCJpc3MiOiJMaXR0ZWwgYW5kIFNvbnMiLCJzdWIiOiIwNTM4OTQ1Zi00YjQxLTRjNjEtOWE1Mi1iZjI3ZGNjYzA1NzYiLCJhdWQiOiJhdWRpZW5jZSIsImp0aSI6Ijk4YzUzNzRkLWE2NzctNDIyNi1hZDNlLThlZDkyZmZlNmQ4YiJ9.G0PJCZFas7pnDGN0GmQ3LMXl3HwuGYKPxBgzPZJfR0i5BWhYSuhlvI90GLTFxbLF"`;

exports[`internet > 1337 > jwt > with payload.iss 1`] = `"eyJhbGciOiJSUzI1NiIsInR5cCI6IkpXVCJ9.eyJpYXQiOjE1Nzc3ODgzNzAsImV4cCI6MTU3NzgwMjA4MSwibmJmIjoxNTU5NzA5MTI4LCJpc3MiOiJBY21lIiwic3ViIjoiNDg3MDUzODktNDVmNC00YjQxLTljNjEtYTUyYmYyN2RjY2MwIiwiYXVkIjoiNzY2OThjNTMtNzRkYS00Njc3LWIyMjYtZDNlOGVkOTJmZmU2IiwianRpIjoiOGI4YjBkYjktZmEyNy00MjY1LTlhYmMtMGE1ZDBjY2Y1MGI4In0.GYKPxBgzPZJfR0i5BWhYSuhlvI90GLTFxbLFsUFayUNkSHRgiwYbItsrFoSNtupI"`;

exports[`internet > 1337 > jwt > with payload.jti 1`] = `"eyJhbGciOiJSUzI1NiIsInR5cCI6IkpXVCJ9.eyJpYXQiOjE1Nzc3ODgzNzAsImV4cCI6MTU3NzgwMjA4MSwibmJmIjoxNTU5NzA5MTI4LCJpc3MiOiJMaXR0ZWwgYW5kIFNvbnMiLCJzdWIiOiIwNTM4OTQ1Zi00YjQxLTRjNjEtOWE1Mi1iZjI3ZGNjYzA1NzYiLCJhdWQiOiI5OGM1Mzc0ZC1hNjc3LTQyMjYtYWQzZS04ZWQ5MmZmZTZkOGIiLCJqdGkiOiJqd3QgaWQifQ.G0PJCZFas7pnDGN0GmQ3LMXl3HwuGYKPxBgzPZJfR0i5BWhYSuhlvI90GLTFxbLF"`;

exports[`internet > 1337 > jwt > with payload.sub 1`] = `"eyJhbGciOiJSUzI1NiIsInR5cCI6IkpXVCJ9.eyJpYXQiOjE1Nzc3ODgzNzAsImV4cCI6MTU3NzgwMjA4MSwibmJmIjoxNTU5NzA5MTI4LCJpc3MiOiJMaXR0ZWwgYW5kIFNvbnMiLCJzdWIiOiJzdWJqZWN0IiwiYXVkIjoiMDUzODk0NWYtNGI0MS00YzYxLTlhNTItYmYyN2RjY2MwNTc2IiwianRpIjoiOThjNTM3NGQtYTY3Ny00MjI2LWFkM2UtOGVkOTJmZmU2ZDhiIn0.G0PJCZFas7pnDGN0GmQ3LMXl3HwuGYKPxBgzPZJfR0i5BWhYSuhlvI90GLTFxbLF"`;

exports[`internet > 1337 > mac > noArgs 1`] = `"42:47:58:4f:b1:6a"`;

exports[`internet > 1337 > mac > with separator 1`] = `"42:47:58:4f:b1:6a"`;

exports[`internet > 1337 > mac > with separator option 1`] = `"42-47-58-4f-b1-6a"`;

exports[`internet > 1337 > password > noArgs 1`] = `"90LR9fEKllCHXi2"`;

exports[`internet > 1337 > password > with length option 1`] = `"90LR9fEKll"`;

exports[`internet > 1337 > password > with length, memorable, pattern and prefix option 1`] = `"test909213"`;

exports[`internet > 1337 > password > with memorable option 1`] = `"90LR9fEKllCHXi2"`;

exports[`internet > 1337 > password > with pattern option 1`] = `"909213209301777"`;

exports[`internet > 1337 > password > with prefix option 1`] = `"test90LR9fEKllC"`;

exports[`internet > 1337 > port 1`] = `17172`;

exports[`internet > 1337 > protocol 1`] = `"http"`;

exports[`internet > 1337 > url > noArgs 1`] = `"https://cumbersome-duster.info/"`;

exports[`internet > 1337 > url > with slash appended 1`] = `"https://fatal-co-producer.biz/"`;

exports[`internet > 1337 > url > without slash appended and with http protocol 1`] = `"http://fatal-co-producer.biz"`;

exports[`internet > 1337 > userAgent 1`] = `"Mozilla/5.0 (Windows NT 5.3; WOW64; rv:8.4) Gecko/20100101 Firefox/8.4.3"`;

exports[`internet > 1337 > userName > noArgs 1`] = `"Devyn.Gottlieb"`;

exports[`internet > 1337 > userName > with Chinese names 1`] = `"hlzp8d.tpv15"`;

exports[`internet > 1337 > userName > with Cyrillic names 1`] = `"Fedor.Dostoevskii15"`;

exports[`internet > 1337 > userName > with Latin names 1`] = `"Jane.Doe15"`;

exports[`internet > 1337 > userName > with accented names 1`] = `"Helene.Muller15"`;

exports[`internet > 1337 > userName > with all option 1`] = `"Jane.Doe15"`;

exports[`internet > 1337 > userName > with firstName option 1`] = `"Jane.Cronin45"`;

exports[`internet > 1337 > userName > with lastName option 1`] = `"Devyn.Doe27"`;

exports[`internet > 1337 > username > noArgs 1`] = `"Devyn.Gottlieb"`;

exports[`internet > 1337 > username > with Chinese names 1`] = `"hlzp8d.tpv15"`;

exports[`internet > 1337 > username > with Cyrillic names 1`] = `"Fedor.Dostoevskii15"`;

exports[`internet > 1337 > username > with Latin names 1`] = `"Jane.Doe15"`;

exports[`internet > 1337 > username > with accented names 1`] = `"Helene.Muller15"`;

exports[`internet > 1337 > username > with all option 1`] = `"Jane.Doe15"`;

exports[`internet > 1337 > username > with firstName option 1`] = `"Jane.Cronin45"`;

exports[`internet > 1337 > username > with lastName option 1`] = `"Devyn.Doe27"`;
