// Vitest Snapshot v1, https://vitest.dev/guide/snapshot.html

exports[`phone > 42 > imei 1`] = `"39-751118-560972-1"`;

exports[`phone > 42 > number > format 1`] = `"397-511-1856"`;

exports[`phone > 42 > number > noArgs 1`] = `"1-975-311-8560 x972"`;

exports[`phone > 1211 > imei 1`] = `"88-296673-677674-6"`;

exports[`phone > 1211 > number > format 1`] = `"882-966-7367"`;

exports[`phone > 1211 > number > noArgs 1`] = `"1-829-767-3677 x67488"`;

exports[`phone > 1337 > imei 1`] = `"21-343529-713619-5"`;

exports[`phone > 1337 > number > format 1`] = `"213-435-2971"`;

exports[`phone > 1337 > number > noArgs 1`] = `"334-452-9713 x619"`;
