// Vitest Snapshot v1

exports[`company > 42 > bs 1`] = `"seize impactful web services"`;

exports[`company > 42 > bsAdjective 1`] = `"dynamic"`;

exports[`company > 42 > bsBuzz 1`] = `"seize"`;

exports[`company > 42 > bsNoun 1`] = `"portals"`;

exports[`company > 42 > catchPhrase 1`] = `"Implemented responsive throughput"`;

exports[`company > 42 > catchPhraseAdjective 1`] = `"Implemented"`;

exports[`company > 42 > catchPhraseDescriptor 1`] = `"explicit"`;

exports[`company > 42 > catchPhraseNoun 1`] = `"framework"`;

exports[`company > 42 > companyName > noArgs 1`] = `"Schinner - Wiegand"`;

exports[`company > 42 > companyName > with index 1`] = `"Schinner - Wiegand"`;

exports[`company > 42 > companySuffix 1`] = `"and Sons"`;

exports[`company > 42 > suffixes 1`] = `
[
  "Inc",
  "and Sons",
  "LLC",
  "Group",
]
`;

exports[`company > 1211 > bs 1`] = `"cultivate bleeding-edge functionalities"`;

exports[`company > 1211 > bsAdjective 1`] = `"plug-and-play"`;

exports[`company > 1211 > bsBuzz 1`] = `"cultivate"`;

exports[`company > 1211 > bsNoun 1`] = `"experiences"`;

exports[`company > 1211 > catchPhrase 1`] = `"Up-sized high-level success"`;

exports[`company > 1211 > catchPhraseAdjective 1`] = `"Up-sized"`;

exports[`company > 1211 > catchPhraseDescriptor 1`] = `"upward-trending"`;

exports[`company > 1211 > catchPhraseNoun 1`] = `"system engine"`;

exports[`company > 1211 > companyName > noArgs 1`] = `"Koch, Trantow and Sanford"`;

exports[`company > 1211 > companyName > with index 1`] = `"Koch, Trantow and Sanford"`;

exports[`company > 1211 > companySuffix 1`] = `"Group"`;

exports[`company > 1211 > suffixes 1`] = `
[
  "Inc",
  "and Sons",
  "LLC",
  "Group",
]
`;

exports[`company > 1337 > bs 1`] = `"incentivize efficient initiatives"`;

exports[`company > 1337 > bsAdjective 1`] = `"global"`;

exports[`company > 1337 > bsBuzz 1`] = `"incentivize"`;

exports[`company > 1337 > bsNoun 1`] = `"ROI"`;

exports[`company > 1337 > catchPhrase 1`] = `"Expanded leading edge capacity"`;

exports[`company > 1337 > catchPhraseAdjective 1`] = `"Expanded"`;

exports[`company > 1337 > catchPhraseDescriptor 1`] = `"demand-driven"`;

exports[`company > 1337 > catchPhraseNoun 1`] = `"data-warehouse"`;

exports[`company > 1337 > companyName > noArgs 1`] = `"Macejkovic Inc"`;

exports[`company > 1337 > companyName > with index 1`] = `"Macejkovic Inc"`;

exports[`company > 1337 > companySuffix 1`] = `"and Sons"`;

exports[`company > 1337 > suffixes 1`] = `
[
  "Inc",
  "and Sons",
  "LLC",
  "Group",
]
`;
