// Vitest Snapshot v1

exports[`git > seed: 42 > branch() 1`] = `"array-transmit"`;

exports[`git > seed: 42 > commitMessage() 1`] = `"navigate neural capacitor"`;

exports[`git > seed: 42 > commitSha() 1`] = `"5cf2bc99272107d592ba00fbdf302f2949806048"`;

exports[`git > seed: 42 > shortSha() 1`] = `"5cf2bc9"`;

exports[`git > seed: 1211 > branch() 1`] = `"capacitor-connect"`;

exports[`git > seed: 1211 > commitMessage() 1`] = `"reboot online circuit"`;

exports[`git > seed: 1211 > commitSha() 1`] = `"e7ec32f0a2a3c652bbd0caabde64dfdf379e3259"`;

exports[`git > seed: 1211 > shortSha() 1`] = `"e7ec32f"`;

exports[`git > seed: 1337 > branch() 1`] = `"port-quantify"`;

exports[`git > seed: 1337 > commitMessage() 1`] = `"compress multi-byte panel"`;

exports[`git > seed: 1337 > commitSha() 1`] = `"48234870538945f4b41c61a52bf27dccc0576698"`;

exports[`git > seed: 1337 > shortSha() 1`] = `"4823487"`;
