// Vitest Snapshot v1, https://vitest.dev/guide/snapshot.html

exports[`image > dataUri > should return a background color base64 data URI 1`] = `"data:image/svg+xml;base64,PHN2ZyB4bWxucz0iaHR0cDovL3d3dy53My5vcmcvMjAwMC9zdmciIHZlcnNpb249IjEuMSIgYmFzZVByb2ZpbGU9ImZ1bGwiIHdpZHRoPSI0NDQiIGhlaWdodD0iMzAiPjxyZWN0IHdpZHRoPSIxMDAlIiBoZWlnaHQ9IjEwMCUiIGZpbGw9ImdyZWVuIi8+PHRleHQgeD0iMjIyIiB5PSIxNSIgZm9udC1zaXplPSIyMCIgYWxpZ25tZW50LWJhc2VsaW5lPSJtaWRkbGUiIHRleHQtYW5jaG9yPSJtaWRkbGUiIGZpbGw9IndoaXRlIj40NDR4MzA8L3RleHQ+PC9zdmc+"`;

exports[`image > dataUri > should return a background color data URI 1`] = `"data:image/svg+xml;charset=UTF-8,%3Csvg%20xmlns%3D%22http%3A%2F%2Fwww.w3.org%2F2000%2Fsvg%22%20version%3D%221.1%22%20baseProfile%3D%22full%22%20width%3D%22200%22%20height%3D%22300%22%3E%3Crect%20width%3D%22100%25%22%20height%3D%22100%25%22%20fill%3D%22red%22%2F%3E%3Ctext%20x%3D%22100%22%20y%3D%22150%22%20font-size%3D%2220%22%20alignment-baseline%3D%22middle%22%20text-anchor%3D%22middle%22%20fill%3D%22white%22%3E200x300%3C%2Ftext%3E%3C%2Fsvg%3E"`;

exports[`image > dataUri > should return a background color svg data URI 1`] = `"data:image/svg+xml;charset=UTF-8,%3Csvg%20xmlns%3D%22http%3A%2F%2Fwww.w3.org%2F2000%2Fsvg%22%20version%3D%221.1%22%20baseProfile%3D%22full%22%20width%3D%221%22%20height%3D%221234%22%3E%3Crect%20width%3D%22100%25%22%20height%3D%22100%25%22%20fill%3D%22yellow%22%2F%3E%3Ctext%20x%3D%220.5%22%20y%3D%22617%22%20font-size%3D%2220%22%20alignment-baseline%3D%22middle%22%20text-anchor%3D%22middle%22%20fill%3D%22white%22%3E1x1234%3C%2Ftext%3E%3C%2Fsvg%3E"`;

exports[`image > dataUri > should return a blank base64 data 1`] = `"data:image/svg+xml;base64,PHN2ZyB4bWxucz0iaHR0cDovL3d3dy53My5vcmcvMjAwMC9zdmciIHZlcnNpb249IjEuMSIgYmFzZVByb2ZpbGU9ImZ1bGwiIHdpZHRoPSIxMjMiIGhlaWdodD0iNDU2Ij48cmVjdCB3aWR0aD0iMTAwJSIgaGVpZ2h0PSIxMDAlIiBmaWxsPSJncmV5Ii8+PHRleHQgeD0iNjEuNSIgeT0iMjI4IiBmb250LXNpemU9IjIwIiBhbGlnbm1lbnQtYmFzZWxpbmU9Im1pZGRsZSIgdGV4dC1hbmNob3I9Im1pZGRsZSIgZmlsbD0id2hpdGUiPjEyM3g0NTY8L3RleHQ+PC9zdmc+"`;

exports[`image > dataUri > should return a blank data 1`] = `"data:image/svg+xml;charset=UTF-8,%3Csvg%20xmlns%3D%22http%3A%2F%2Fwww.w3.org%2F2000%2Fsvg%22%20version%3D%221.1%22%20baseProfile%3D%22full%22%20width%3D%22200%22%20height%3D%22300%22%3E%3Crect%20width%3D%22100%25%22%20height%3D%22100%25%22%20fill%3D%22grey%22%2F%3E%3Ctext%20x%3D%22100%22%20y%3D%22150%22%20font-size%3D%2220%22%20alignment-baseline%3D%22middle%22%20text-anchor%3D%22middle%22%20fill%3D%22white%22%3E200x300%3C%2Ftext%3E%3C%2Fsvg%3E"`;

exports[`image > dataUri > should return a blank svg data 1`] = `"data:image/svg+xml;charset=UTF-8,%3Csvg%20xmlns%3D%22http%3A%2F%2Fwww.w3.org%2F2000%2Fsvg%22%20version%3D%221.1%22%20baseProfile%3D%22full%22%20width%3D%22456%22%20height%3D%22789%22%3E%3Crect%20width%3D%22100%25%22%20height%3D%22100%25%22%20fill%3D%22grey%22%2F%3E%3Ctext%20x%3D%22228%22%20y%3D%22394.5%22%20font-size%3D%2220%22%20alignment-baseline%3D%22middle%22%20text-anchor%3D%22middle%22%20fill%3D%22white%22%3E456x789%3C%2Ftext%3E%3C%2Fsvg%3E"`;
