// Vitest Snapshot v1

exports[`location > 42 > buildingNumber 1`] = `"7917"`;

exports[`location > 42 > cardinalDirection > noArgs 1`] = `"East"`;

exports[`location > 42 > cardinalDirection > with boolean 1`] = `"East"`;

exports[`location > 42 > cardinalDirection > with useAbbr option 1`] = `"E"`;

exports[`location > 42 > city 1`] = `"Port Valentine"`;

exports[`location > 42 > cityName 1`] = `"Hamilton"`;

exports[`location > 42 > country 1`] = `"Guinea"`;

exports[`location > 42 > countryCode > noArgs 1`] = `"GY"`;

exports[`location > 42 > countryCode > with alphaCode option 1`] = `"SAU"`;

exports[`location > 42 > countryCode > with string 1`] = `"GY"`;

exports[`location > 42 > county 1`] = `"Berkshire"`;

exports[`location > 42 > direction > noArgs 1`] = `"South"`;

exports[`location > 42 > direction > with boolean 1`] = `"South"`;

exports[`location > 42 > direction > with useAbbr option 1`] = `"S"`;

exports[`location > 42 > latitude > noArgs 1`] = `-22.5828`;

exports[`location > 42 > latitude > with max 1`] = `-52.546`;

exports[`location > 42 > latitude > with max and min 1`] = `-2.5092`;

exports[`location > 42 > latitude > with max, min and precision 1`] = `-2.5091977138`;

exports[`location > 42 > latitude > with min 1`] = `27.454`;

exports[`location > 42 > latitude > with precision 1`] = `-22.5827794243`;

exports[`location > 42 > longitude > noArgs 1`] = `-45.1656`;

exports[`location > 42 > longitude > with max 1`] = `-108.8374`;

exports[`location > 42 > longitude > with max and min 1`] = `-2.5092`;

exports[`location > 42 > longitude > with max, min and precision 1`] = `-2.5091977138`;

exports[`location > 42 > longitude > with min 1`] = `61.1626`;

exports[`location > 42 > longitude > with precision 1`] = `-45.1655588485`;

exports[`location > 42 > nearbyGPSCoordinate > near origin 1`] = `
[
  0.08140632875358443,
  -0.08093642792425726,
]
`;

exports[`location > 42 > nearbyGPSCoordinate > noArgs 1`] = `
[
  -22.5828,
  106.7555,
]
`;

exports[`location > 42 > nearbyGPSCoordinate > only isMetric 1`] = `
[
  -22.5828,
  106.7555,
]
`;

exports[`location > 42 > nearbyGPSCoordinate > only radius 1`] = `
[
  -22.5828,
  106.7555,
]
`;

exports[`location > 42 > nearbyGPSCoordinate > with origin and isMetric 1`] = `
[
  37.05058762889859,
  -13.05029562250138,
]
`;

exports[`location > 42 > nearbyGPSCoordinate > with origin and radius 1`] = `
[
  37.122112668351875,
  -13.121407798779614,
]
`;

exports[`location > 42 > nearbyGPSCoordinate > with origin, radius and isMetric 1`] = `
[
  37.075875092904894,
  -13.075437119965613,
]
`;

exports[`location > 42 > nearbyGPSCoordinate > with radius and isMetric 1`] = `
[
  -22.5828,
  106.7555,
]
`;

exports[`location > 42 > ordinalDirection > noArgs 1`] = `"Northwest"`;

exports[`location > 42 > ordinalDirection > with abbr = false 1`] = `"Northwest"`;

exports[`location > 42 > ordinalDirection > with abbr = true 1`] = `"NW"`;

exports[`location > 42 > secondaryAddress 1`] = `"Apt. 791"`;

exports[`location > 42 > state 1`] = `"Maine"`;

exports[`location > 42 > stateAbbr 1`] = `"ME"`;

exports[`location > 42 > street 1`] = `"Peyton Villages"`;

exports[`location > 42 > streetAddress > noArgs 1`] = `"7917 Miller Park"`;

exports[`location > 42 > streetAddress > with boolean 1`] = `"7917 Miller Park"`;

exports[`location > 42 > streetAddress > with useFullAddress options 1`] = `"7917 Miller Park Apt. 410"`;

exports[`location > 42 > streetName 1`] = `"b"`;

exports[`location > 42 > timeZone 1`] = `"America/North_Dakota/New_Salem"`;

exports[`location > 42 > zipCode > noArgs 1`] = `"79177"`;

exports[`location > 42 > zipCode > with format option 1`] = `"379-177"`;

exports[`location > 42 > zipCode > with string 1`] = `"379"`;

exports[`location > 42 > zipCodeByState > noArgs 1`] = `"79177"`;

exports[`location > 42 > zipCodeByState > with state options 1`] = `"79177"`;

exports[`location > 42 > zipCodeByState > with string 1 1`] = `"79177"`;

exports[`location > 42 > zipCodeByState > with string 2 1`] = `"79177"`;

exports[`location > 1211 > buildingNumber 1`] = `"487"`;

exports[`location > 1211 > cardinalDirection > noArgs 1`] = `"West"`;

exports[`location > 1211 > cardinalDirection > with boolean 1`] = `"West"`;

exports[`location > 1211 > cardinalDirection > with useAbbr option 1`] = `"W"`;

exports[`location > 1211 > city 1`] = `"La Crosse"`;

exports[`location > 1211 > cityName 1`] = `"Utica"`;

exports[`location > 1211 > country 1`] = `"Uganda"`;

exports[`location > 1211 > countryCode > noArgs 1`] = `"UM"`;

exports[`location > 1211 > countryCode > with alphaCode option 1`] = `"IRN"`;

exports[`location > 1211 > countryCode > with string 1`] = `"UM"`;

exports[`location > 1211 > county 1`] = `"Cambridgeshire"`;

exports[`location > 1211 > direction > noArgs 1`] = `"Southwest"`;

exports[`location > 1211 > direction > with boolean 1`] = `"Southwest"`;

exports[`location > 1211 > direction > with useAbbr option 1`] = `"SW"`;

exports[`location > 1211 > latitude > noArgs 1`] = `77.1337`;

exports[`location > 1211 > latitude > with max 1`] = `2.8521`;

exports[`location > 1211 > latitude > with max and min 1`] = `8.5704`;

exports[`location > 1211 > latitude > with max, min and precision 1`] = `8.5704030749`;

exports[`location > 1211 > latitude > with min 1`] = `82.8521`;

exports[`location > 1211 > latitude > with precision 1`] = `77.1336276737`;

exports[`location > 1211 > longitude > noArgs 1`] = `154.2673`;

exports[`location > 1211 > longitude > with max 1`] = `-3.5811`;

exports[`location > 1211 > longitude > with max and min 1`] = `8.5704`;

exports[`location > 1211 > longitude > with max, min and precision 1`] = `8.5704030749`;

exports[`location > 1211 > longitude > with min 1`] = `166.4189`;

exports[`location > 1211 > longitude > with precision 1`] = `154.2672553473`;

exports[`location > 1211 > nearbyGPSCoordinate > near origin 1`] = `
[
  -0.02872111236834616,
  0.05959024752564801,
]
`;

exports[`location > 1211 > nearbyGPSCoordinate > noArgs 1`] = `
[
  77.1337,
  -14.7545,
]
`;

exports[`location > 1211 > nearbyGPSCoordinate > only isMetric 1`] = `
[
  77.1337,
  -14.7545,
]
`;

exports[`location > 1211 > nearbyGPSCoordinate > only radius 1`] = `
[
  77.1337,
  -14.7545,
]
`;

exports[`location > 1211 > nearbyGPSCoordinate > with origin and isMetric 1`] = `
[
  36.98215379643012,
  -12.962972893442156,
]
`;

exports[`location > 1211 > nearbyGPSCoordinate > with origin and radius 1`] = `
[
  36.95691638741659,
  -12.910610595257708,
]
`;

exports[`location > 1211 > nearbyGPSCoordinate > with origin, radius and isMetric 1`] = `
[
  36.97323069464518,
  -12.944459340163235,
]
`;

exports[`location > 1211 > nearbyGPSCoordinate > with radius and isMetric 1`] = `
[
  77.1337,
  -14.7545,
]
`;

exports[`location > 1211 > ordinalDirection > noArgs 1`] = `"Southwest"`;

exports[`location > 1211 > ordinalDirection > with abbr = false 1`] = `"Southwest"`;

exports[`location > 1211 > ordinalDirection > with abbr = true 1`] = `"SW"`;

exports[`location > 1211 > secondaryAddress 1`] = `"Suite 487"`;

exports[`location > 1211 > state 1`] = `"Washington"`;

exports[`location > 1211 > stateAbbr 1`] = `"WA"`;

exports[`location > 1211 > street 1`] = `"Koelpin Turnpike"`;

exports[`location > 1211 > streetAddress > noArgs 1`] = `"487 Breana Wells"`;

exports[`location > 1211 > streetAddress > with boolean 1`] = `"487 Breana Wells"`;

exports[`location > 1211 > streetAddress > with useFullAddress options 1`] = `"487 Breana Wells Apt. 616"`;

exports[`location > 1211 > streetName 1`] = `"c"`;

exports[`location > 1211 > timeZone 1`] = `"Pacific/Fiji"`;

exports[`location > 1211 > zipCode > noArgs 1`] = `"48721-9061"`;

exports[`location > 1211 > zipCode > with format option 1`] = `"948-721"`;

exports[`location > 1211 > zipCode > with string 1`] = `"948"`;

exports[`location > 1211 > zipCodeByState > noArgs 1`] = `"48721-9061"`;

exports[`location > 1211 > zipCodeByState > with state options 1`] = `"48721-9061"`;

exports[`location > 1211 > zipCodeByState > with string 1 1`] = `"48721-9061"`;

exports[`location > 1211 > zipCodeByState > with string 2 1`] = `"48721-9061"`;

exports[`location > 1337 > buildingNumber 1`] = `"51225"`;

exports[`location > 1337 > cardinalDirection > noArgs 1`] = `"East"`;

exports[`location > 1337 > cardinalDirection > with boolean 1`] = `"East"`;

exports[`location > 1337 > cardinalDirection > with useAbbr option 1`] = `"E"`;

exports[`location > 1337 > city 1`] = `"New Carmella"`;

exports[`location > 1337 > cityName 1`] = `"East Hartford"`;

exports[`location > 1337 > country 1`] = `"Egypt"`;

exports[`location > 1337 > countryCode > noArgs 1`] = `"EH"`;

exports[`location > 1337 > countryCode > with alphaCode option 1`] = `"PRI"`;

exports[`location > 1337 > countryCode > with string 1`] = `"EH"`;

exports[`location > 1337 > county 1`] = `"Bedfordshire"`;

exports[`location > 1337 > direction > noArgs 1`] = `"South"`;

exports[`location > 1337 > direction > with boolean 1`] = `"South"`;

exports[`location > 1337 > direction > with useAbbr option 1`] = `"S"`;

exports[`location > 1337 > latitude > noArgs 1`] = `-42.8356`;

exports[`location > 1337 > latitude > with max 1`] = `-63.7976`;

exports[`location > 1337 > latitude > with max and min 1`] = `-4.7595`;

exports[`location > 1337 > latitude > with max, min and precision 1`] = `-4.7595064761`;

exports[`location > 1337 > latitude > with min 1`] = `16.2024`;

exports[`location > 1337 > latitude > with precision 1`] = `-42.835558285`;

exports[`location > 1337 > longitude > noArgs 1`] = `-85.6711`;

exports[`location > 1337 > longitude > with max 1`] = `-130.2153`;

exports[`location > 1337 > longitude > with max and min 1`] = `-4.7595`;

exports[`location > 1337 > longitude > with max, min and precision 1`] = `-4.7595064761`;

exports[`location > 1337 > longitude > with min 1`] = `39.7847`;

exports[`location > 1337 > longitude > with precision 1`] = `-85.67111657`;

exports[`location > 1337 > nearbyGPSCoordinate > near origin 1`] = `
[
  0.08055259537977688,
  -0.006097651409731952,
]
`;

exports[`location > 1337 > nearbyGPSCoordinate > noArgs 1`] = `
[
  -42.8356,
  21.7907,
]
`;

exports[`location > 1337 > nearbyGPSCoordinate > only isMetric 1`] = `
[
  -42.8356,
  21.7907,
]
`;

exports[`location > 1337 > nearbyGPSCoordinate > only radius 1`] = `
[
  -42.8356,
  21.7907,
]
`;

exports[`location > 1337 > nearbyGPSCoordinate > with origin and isMetric 1`] = `
[
  37.05004958398222,
  -13.003788641630877,
]
`;

exports[`location > 1337 > nearbyGPSCoordinate > with origin and radius 1`] = `
[
  37.12082442834317,
  -13.009146139144832,
]
`;

exports[`location > 1337 > nearbyGPSCoordinate > with origin, radius and isMetric 1`] = `
[
  37.07507884069983,
  -13.00568330041608,
]
`;

exports[`location > 1337 > nearbyGPSCoordinate > with radius and isMetric 1`] = `
[
  -42.8356,
  21.7907,
]
`;

exports[`location > 1337 > ordinalDirection > noArgs 1`] = `"Northwest"`;

exports[`location > 1337 > ordinalDirection > with abbr = false 1`] = `"Northwest"`;

exports[`location > 1337 > ordinalDirection > with abbr = true 1`] = `"NW"`;

exports[`location > 1337 > secondaryAddress 1`] = `"Apt. 512"`;

exports[`location > 1337 > state 1`] = `"Indiana"`;

exports[`location > 1337 > stateAbbr 1`] = `"IN"`;

exports[`location > 1337 > street 1`] = `"Kellen Crest"`;

exports[`location > 1337 > streetAddress > noArgs 1`] = `"51225 Alexys Gateway"`;

exports[`location > 1337 > streetAddress > with boolean 1`] = `"51225 Alexys Gateway"`;

exports[`location > 1337 > streetAddress > with useFullAddress options 1`] = `"51225 Alexys Gateway Apt. 552"`;

exports[`location > 1337 > streetName 1`] = `"a"`;

exports[`location > 1337 > timeZone 1`] = `"America/Guatemala"`;

exports[`location > 1337 > zipCode > noArgs 1`] = `"51225"`;

exports[`location > 1337 > zipCode > with format option 1`] = `"251-225"`;

exports[`location > 1337 > zipCode > with string 1`] = `"251"`;

exports[`location > 1337 > zipCodeByState > noArgs 1`] = `"51225"`;

exports[`location > 1337 > zipCodeByState > with state options 1`] = `"51225"`;

exports[`location > 1337 > zipCodeByState > with string 1 1`] = `"51225"`;

exports[`location > 1337 > zipCodeByState > with string 2 1`] = `"51225"`;
