// Vitest Snapshot v1

exports[`mersenne twister > seed: [42,1,2] > should return deterministic value for nextReal() 1`] = `0.8562037434894592`;

exports[`mersenne twister > seed: [1211,1,2] > should return deterministic value for nextReal() 1`] = `0.8916433283593506`;

exports[`mersenne twister > seed: [1337,1,2] > should return deterministic value for nextReal() 1`] = `0.17990487208589911`;

exports[`mersenne twister > seed: 42 > should return deterministic value for nextReal() 1`] = `0.37454011430963874`;

exports[`mersenne twister > seed: 1211 > should return deterministic value for nextReal() 1`] = `0.9285201537422836`;

exports[`mersenne twister > seed: 1337 > should return deterministic value for nextReal() 1`] = `0.2620246761944145`;
