// Vitest Snapshot v1

exports[`science > seed: 42 > chemicalElement() 1`] = `
{
  "atomicNumber": 45,
  "name": "Rhodium",
  "symbol": "Rh",
}
`;

exports[`science > seed: 42 > unit() 1`] = `
{
  "name": "hertz",
  "symbol": "Hz",
}
`;

exports[`science > seed: 1211 > chemicalElement() 1`] = `
{
  "atomicNumber": 110,
  "name": "Darmstadtium",
  "symbol": "Ds",
}
`;

exports[`science > seed: 1211 > unit() 1`] = `
{
  "name": "gray",
  "symbol": "Gy",
}
`;

exports[`science > seed: 1337 > chemicalElement() 1`] = `
{
  "atomicNumber": 31,
  "name": "Gallium",
  "symbol": "Ga",
}
`;

exports[`science > seed: 1337 > unit() 1`] = `
{
  "name": "candela",
  "symbol": "cd",
}
`;
