// Vitest Snapshot v1

exports[`string > 42 > alpha > noArgs 1`] = `"t"`;

exports[`string > 42 > alpha > with casing = lower 1`] = `"j"`;

exports[`string > 42 > alpha > with casing = mixed 1`] = `"t"`;

exports[`string > 42 > alpha > with casing = upper 1`] = `"J"`;

exports[`string > 42 > alpha > with exclude 1`] = `"A"`;

exports[`string > 42 > alpha > with length 1`] = `"tPXjMO"`;

exports[`string > 42 > alpha > with length parameter 1`] = `"tPXjM"`;

exports[`string > 42 > alpha > with length parameter 2`] = `"OFFix"`;

exports[`string > 42 > alpha > with length parameter 3`] = `"ifdxT"`;

exports[`string > 42 > alpha > with length parameter 4`] = `"rFhKH"`;

exports[`string > 42 > alpha > with length parameter 5`] = `"bcYLR"`;

exports[`string > 42 > alpha > with length range 1`] = `"PXjMOFFixifdxT"`;

exports[`string > 42 > alpha > with length, casing and exclude 1`] = `"fwzcvwj"`;

exports[`string > 42 > alphanumeric > noArgs 1`] = `"n"`;

exports[`string > 42 > alphanumeric > with casing = lower 1`] = `"d"`;

exports[`string > 42 > alphanumeric > with casing = mixed 1`] = `"n"`;

exports[`string > 42 > alphanumeric > with casing = upper 1`] = `"D"`;

exports[`string > 42 > alphanumeric > with exclude 1`] = `"x"`;

exports[`string > 42 > alphanumeric > with length 1`] = `"nNWbJM"`;

exports[`string > 42 > alphanumeric > with length parameter 1`] = `"nNWbJ"`;

exports[`string > 42 > alphanumeric > with length parameter 2`] = `"MBB9r"`;

exports[`string > 42 > alphanumeric > with length parameter 3`] = `"963sR"`;

exports[`string > 42 > alphanumeric > with length parameter 4`] = `"kB8HE"`;

exports[`string > 42 > alphanumeric > with length parameter 5`] = `"13YIP"`;

exports[`string > 42 > alphanumeric > with length range 1`] = `"NWbJMBB9r963sR"`;

exports[`string > 42 > alphanumeric > with length, casing and exclude 1`] = `"cvy4kvh"`;

exports[`string > 42 > binary > noArgs 1`] = `"0x0"`;

exports[`string > 42 > binary > with custom prefix 1`] = `"bin_0"`;

exports[`string > 42 > binary > with length 1`] = `"0x011011"`;

exports[`string > 42 > binary > with length range 1`] = `"0x11011110000001"`;

exports[`string > 42 > binary > with length, casing and empty prefix 1`] = `"0110111"`;

exports[`string > 42 > hexadecimal > noArgs 1`] = `"0x8"`;

exports[`string > 42 > hexadecimal > with casing = lower 1`] = `"0x8"`;

exports[`string > 42 > hexadecimal > with casing = mixed 1`] = `"0x8"`;

exports[`string > 42 > hexadecimal > with casing = upper 1`] = `"0x8"`;

exports[`string > 42 > hexadecimal > with custom prefix 1`] = `"hex_8"`;

exports[`string > 42 > hexadecimal > with length 1`] = `"0x8BE4AB"`;

exports[`string > 42 > hexadecimal > with length range 1`] = `"0xBE4ABdd39321aD"`;

exports[`string > 42 > hexadecimal > with length, casing and empty prefix 1`] = `"8be4abd"`;

exports[`string > 42 > numeric > noArgs 1`] = `"3"`;

exports[`string > 42 > numeric > with allowLeadingZeros 1`] = `"4"`;

exports[`string > 42 > numeric > with exclude 1`] = `"6"`;

exports[`string > 42 > numeric > with length 1`] = `"379177"`;

exports[`string > 42 > numeric > with length parameter 1`] = `"37917"`;

exports[`string > 42 > numeric > with length parameter 2`] = `"75514"`;

exports[`string > 42 > numeric > with length parameter 3`] = `"10048"`;

exports[`string > 42 > numeric > with length parameter 4`] = `"36176"`;

exports[`string > 42 > numeric > with length parameter 5`] = `"00978"`;

exports[`string > 42 > numeric > with length range 1`] = `"79177551410048"`;

exports[`string > 42 > numeric > with length, allowLeadingZeros and exclude 1`] = `"6890887"`;

exports[`string > 42 > octal > noArgs 1`] = `"0x2"`;

exports[`string > 42 > octal > with custom prefix 1`] = `"oct_2"`;

exports[`string > 42 > octal > with length 1`] = `"0x267156"`;

exports[`string > 42 > octal > with length range 1`] = `"0x67156441310036"`;

exports[`string > 42 > octal > with length, casing and empty prefix 1`] = `"2671564"`;

exports[`string > 42 > sample > noArgs 1`] = `"Cky2eiXX/J"`;

exports[`string > 42 > sample > with length parameter 1`] = `"Cky2e"`;

exports[`string > 42 > sample > with length parameter 2`] = `"iXX/J"`;

exports[`string > 42 > sample > with length parameter 3`] = `"/*&Kq"`;

exports[`string > 42 > sample > with length parameter 4`] = `"@X.b]"`;

exports[`string > 42 > sample > with length parameter 5`] = `"\\"&{dn"`;

exports[`string > 42 > sample > with length range 1`] = `"ky2eiXX/J/*&Kq"`;

exports[`string > 42 > special > noArgs 1`] = `","`;

exports[`string > 42 > special > with length parameter 1`] = `",^}&\\\\"`;

exports[`string > 42 > special > with length parameter 2`] = `"]>>%/"`;

exports[`string > 42 > special > with length parameter 3`] = `"%$\\"/\`"`;

exports[`string > 42 > special > with length parameter 4`] = `"+>%[?"`;

exports[`string > 42 > special > with length parameter 5`] = `"!\\"~\\\\_"`;

exports[`string > 42 > special > with length range 1`] = `"^}&\\\\]>>%/%$\\"/\`"`;

exports[`string > 42 > uuid 1`] = `"5cf2bc99-2721-407d-992b-a00fbdf302f2"`;

exports[`string > 42 > uuid 2`] = `"94980604-8962-404f-9371-c9368f970d9a"`;

exports[`string > 42 > uuid 3`] = `"2710fff9-c640-413a-b7a1-97d02e642ac4"`;

exports[`string > 42 > uuid 4`] = `"6838920f-dc7f-46ee-9be5-19380f5d6b48"`;

exports[`string > 42 > uuid 5`] = `"d95f4984-24c2-410f-ac63-400d3bbbcc91"`;

exports[`string > 1211 > alpha > noArgs 1`] = `"W"`;

exports[`string > 1211 > alpha > with casing = lower 1`] = `"y"`;

exports[`string > 1211 > alpha > with casing = mixed 1`] = `"W"`;

exports[`string > 1211 > alpha > with casing = upper 1`] = `"Y"`;

exports[`string > 1211 > alpha > with exclude 1`] = `"X"`;

exports[`string > 1211 > alpha > with length 1`] = `"WxUOlg"`;

exports[`string > 1211 > alpha > with length parameter 1`] = `"WxUOl"`;

exports[`string > 1211 > alpha > with length parameter 2`] = `"gZbIi"`;

exports[`string > 1211 > alpha > with length parameter 3`] = `"JkNvs"`;

exports[`string > 1211 > alpha > with length parameter 4`] = `"iKMQa"`;

exports[`string > 1211 > alpha > with length parameter 5`] = `"NIILR"`;

exports[`string > 1211 > alpha > with length range 1`] = `"xUOlgZbIiJkNvsiKMQaN"`;

exports[`string > 1211 > alpha > with length, casing and exclude 1`] = `"yhywdcz"`;

exports[`string > 1211 > alphanumeric > noArgs 1`] = `"V"`;

exports[`string > 1211 > alphanumeric > with casing = lower 1`] = `"x"`;

exports[`string > 1211 > alphanumeric > with casing = mixed 1`] = `"V"`;

exports[`string > 1211 > alphanumeric > with casing = upper 1`] = `"X"`;

exports[`string > 1211 > alphanumeric > with exclude 1`] = `"W"`;

exports[`string > 1211 > alphanumeric > with length 1`] = `"VsTMd8"`;

exports[`string > 1211 > alphanumeric > with length parameter 1`] = `"VsTMd"`;

exports[`string > 1211 > alphanumeric > with length parameter 2`] = `"8Z2F9"`;

exports[`string > 1211 > alphanumeric > with length parameter 3`] = `"GdLql"`;

exports[`string > 1211 > alphanumeric > with length parameter 4`] = `"aHKO0"`;

exports[`string > 1211 > alphanumeric > with length parameter 5`] = `"LFEJP"`;

exports[`string > 1211 > alphanumeric > with length range 1`] = `"sTMd8Z2F9GdLqlaHKO0L"`;

exports[`string > 1211 > alphanumeric > with length, casing and exclude 1`] = `"yexv53z"`;

exports[`string > 1211 > binary > noArgs 1`] = `"0x1"`;

exports[`string > 1211 > binary > with custom prefix 1`] = `"bin_1"`;

exports[`string > 1211 > binary > with length 1`] = `"0x101100"`;

exports[`string > 1211 > binary > with length range 1`] = `"0x01100101010100011101"`;

exports[`string > 1211 > binary > with length, casing and empty prefix 1`] = `"1011001"`;

exports[`string > 1211 > hexadecimal > noArgs 1`] = `"0xE"`;

exports[`string > 1211 > hexadecimal > with casing = lower 1`] = `"0xe"`;

exports[`string > 1211 > hexadecimal > with casing = mixed 1`] = `"0xE"`;

exports[`string > 1211 > hexadecimal > with casing = upper 1`] = `"0xE"`;

exports[`string > 1211 > hexadecimal > with custom prefix 1`] = `"hex_E"`;

exports[`string > 1211 > hexadecimal > with length 1`] = `"0xEaDB42"`;

exports[`string > 1211 > hexadecimal > with length range 1`] = `"0xaDB42F0e3f4A973fAB0A"`;

exports[`string > 1211 > hexadecimal > with length, casing and empty prefix 1`] = `"eadb42f"`;

exports[`string > 1211 > numeric > noArgs 1`] = `"9"`;

exports[`string > 1211 > numeric > with allowLeadingZeros 1`] = `"9"`;

exports[`string > 1211 > numeric > with exclude 1`] = `"9"`;

exports[`string > 1211 > numeric > with length 1`] = `"948721"`;

exports[`string > 1211 > numeric > with length parameter 1`] = `"94872"`;

exports[`string > 1211 > numeric > with length parameter 2`] = `"19061"`;

exports[`string > 1211 > numeric > with length parameter 3`] = `"62743"`;

exports[`string > 1211 > numeric > with length parameter 4`] = `"16780"`;

exports[`string > 1211 > numeric > with length parameter 5`] = `"76678"`;

exports[`string > 1211 > numeric > with length range 1`] = `"48721906162743167807"`;

exports[`string > 1211 > numeric > with length, allowLeadingZeros and exclude 1`] = `"9798609"`;

exports[`string > 1211 > octal > noArgs 1`] = `"0x7"`;

exports[`string > 1211 > octal > with custom prefix 1`] = `"oct_7"`;

exports[`string > 1211 > octal > with length 1`] = `"0x737611"`;

exports[`string > 1211 > octal > with length range 1`] = `"0x37611705151632155606"`;

exports[`string > 1211 > octal > with length, casing and empty prefix 1`] = `"7376117"`;

exports[`string > 1211 > sample > noArgs 1`] = `"wKti5-}$_/"`;

exports[`string > 1211 > sample > with length parameter 1`] = `"wKti5"`;

exports[`string > 1211 > sample > with length parameter 2`] = `"-}$_/"`;

exports[`string > 1211 > sample > with length parameter 3`] = `"\`4hHA"`;

exports[`string > 1211 > sample > with length parameter 4`] = `"0afl\\""`;

exports[`string > 1211 > sample > with length parameter 5`] = `"h^]dn"`;

exports[`string > 1211 > sample > with length range 1`] = `"Kti5-}$_/\`4hHA0afl\\"h"`;

exports[`string > 1211 > special > noArgs 1`] = `"|"`;

exports[`string > 1211 > special > with length parameter 1`] = `"|/{]("`;

exports[`string > 1211 > special > with length parameter 2`] = `"%~\\"@&"`;

exports[`string > 1211 > special > with length parameter 3`] = `"@'].,"`;

exports[`string > 1211 > special > with length parameter 4`] = `"&[\\\\_!"`;

exports[`string > 1211 > special > with length parameter 5`] = `"]@?\\\\_"`;

exports[`string > 1211 > special > with length range 1`] = `"/{](%~\\"@&@'].,&[\\\\_!]"`;

exports[`string > 1211 > uuid 1`] = `"e7ec32f0-a2a3-4c65-abbd-0caabde64dfd"`;

exports[`string > 1211 > uuid 2`] = `"f379e325-9f7c-4064-a086-f23942b68e5f"`;

exports[`string > 1211 > uuid 3`] = `"d4694649-2183-4b32-8bd7-a336639d6997"`;

exports[`string > 1211 > uuid 4`] = `"10ab829b-742c-4a8b-b732-98d718d77069"`;

exports[`string > 1211 > uuid 5`] = `"7b91ce88-effb-4d1d-93bb-ad759e00b86c"`;

exports[`string > 1337 > alpha > noArgs 1`] = `"n"`;

exports[`string > 1337 > alpha > with casing = lower 1`] = `"g"`;

exports[`string > 1337 > alpha > with casing = mixed 1`] = `"n"`;

exports[`string > 1337 > alpha > with casing = upper 1`] = `"G"`;

exports[`string > 1337 > alpha > with exclude 1`] = `"v"`;

exports[`string > 1337 > alpha > with length 1`] = `"nDiloC"`;

exports[`string > 1337 > alpha > with length parameter 1`] = `"nDilo"`;

exports[`string > 1337 > alpha > with length parameter 2`] = `"Cxbqm"`;

exports[`string > 1337 > alpha > with length parameter 3`] = `"AEnrY"`;

exports[`string > 1337 > alpha > with length parameter 4`] = `"oMpfP"`;

exports[`string > 1337 > alpha > with length parameter 5`] = `"ueGsg"`;

exports[`string > 1337 > alpha > with length range 1`] = `"DiloCxbqmAEn"`;

exports[`string > 1337 > alpha > with length, casing and exclude 1`] = `"eicdeih"`;

exports[`string > 1337 > alphanumeric > noArgs 1`] = `"g"`;

exports[`string > 1337 > alphanumeric > with casing = lower 1`] = `"9"`;

exports[`string > 1337 > alphanumeric > with casing = mixed 1`] = `"g"`;

exports[`string > 1337 > alphanumeric > with casing = upper 1`] = `"9"`;

exports[`string > 1337 > alphanumeric > with exclude 1`] = `"s"`;

exports[`string > 1337 > alphanumeric > with length 1`] = `"gy9dhx"`;

exports[`string > 1337 > alphanumeric > with length parameter 1`] = `"gy9dh"`;

exports[`string > 1337 > alphanumeric > with length parameter 2`] = `"xs2je"`;

exports[`string > 1337 > alphanumeric > with length parameter 3`] = `"wAgkY"`;

exports[`string > 1337 > alphanumeric > with length parameter 4`] = `"gJj7N"`;

exports[`string > 1337 > alphanumeric > with length parameter 5`] = `"n5Cm7"`;

exports[`string > 1337 > alphanumeric > with length range 1`] = `"y9dhxs2jewAg"`;

exports[`string > 1337 > alphanumeric > with length, casing and exclude 1`] = `"ag45age"`;

exports[`string > 1337 > binary > noArgs 1`] = `"0x0"`;

exports[`string > 1337 > binary > with custom prefix 1`] = `"bin_0"`;

exports[`string > 1337 > binary > with length 1`] = `"0x010001"`;

exports[`string > 1337 > binary > with length range 1`] = `"0x100010000110"`;

exports[`string > 1337 > binary > with length, casing and empty prefix 1`] = `"0100010"`;

exports[`string > 1337 > hexadecimal > noArgs 1`] = `"0x5"`;

exports[`string > 1337 > hexadecimal > with casing = lower 1`] = `"0x5"`;

exports[`string > 1337 > hexadecimal > with casing = mixed 1`] = `"0x5"`;

exports[`string > 1337 > hexadecimal > with casing = upper 1`] = `"0x5"`;

exports[`string > 1337 > hexadecimal > with custom prefix 1`] = `"hex_5"`;

exports[`string > 1337 > hexadecimal > with length 1`] = `"0x5c346b"`;

exports[`string > 1337 > hexadecimal > with length range 1`] = `"0xc346ba075bd5"`;

exports[`string > 1337 > hexadecimal > with length, casing and empty prefix 1`] = `"5c346ba"`;

exports[`string > 1337 > numeric > noArgs 1`] = `"2"`;

exports[`string > 1337 > numeric > with allowLeadingZeros 1`] = `"3"`;

exports[`string > 1337 > numeric > with exclude 1`] = `"6"`;

exports[`string > 1337 > numeric > with length 1`] = `"251225"`;

exports[`string > 1337 > numeric > with length parameter 1`] = `"25122"`;

exports[`string > 1337 > numeric > with length parameter 2`] = `"54032"`;

exports[`string > 1337 > numeric > with length parameter 3`] = `"55239"`;

exports[`string > 1337 > numeric > with length parameter 4`] = `"27318"`;

exports[`string > 1337 > numeric > with length parameter 5`] = `"30631"`;

exports[`string > 1337 > numeric > with length range 1`] = `"512254032552"`;

exports[`string > 1337 > numeric > with length, allowLeadingZeros and exclude 1`] = `"6706677"`;

exports[`string > 1337 > octal > noArgs 1`] = `"0x2"`;

exports[`string > 1337 > octal > with custom prefix 1`] = `"oct_2"`;

exports[`string > 1337 > octal > with length 1`] = `"0x241124"`;

exports[`string > 1337 > octal > with length range 1`] = `"0x411243021442"`;

exports[`string > 1337 > octal > with length, casing and empty prefix 1`] = `"2411243"`;

exports[`string > 1337 > sample > noArgs 1`] = `"9U/4:SK$>6"`;

exports[`string > 1337 > sample > with length parameter 1`] = `"9U/4:"`;

exports[`string > 1337 > sample > with length parameter 2`] = `"SK$>6"`;

exports[`string > 1337 > sample > with length parameter 3`] = `"QX9@{"`;

exports[`string > 1337 > sample > with length parameter 4`] = `":e=+k"`;

exports[`string > 1337 > sample > with length parameter 5`] = `"D)[B,"`;

exports[`string > 1337 > sample > with length range 1`] = `"U/4:SK$>6QX9"`;

exports[`string > 1337 > special > noArgs 1`] = `")"`;

exports[`string > 1337 > special > with length parameter 1`] = `")<&')"`;

exports[`string > 1337 > special > with length parameter 2`] = `"</\\"+("`;

exports[`string > 1337 > special > with length parameter 3`] = `";=)+~"`;

exports[`string > 1337 > special > with length parameter 4`] = `")\\\\*$^"`;

exports[`string > 1337 > special > with length parameter 5`] = `"-$?,%"`;

exports[`string > 1337 > special > with length range 1`] = `"<&')</\\"+(;=)"`;

exports[`string > 1337 > uuid 1`] = `"48234870-5389-445f-8b41-c61a52bf27dc"`;

exports[`string > 1337 > uuid 2`] = `"cc057669-8c53-474d-a677-226d3e8ed92f"`;

exports[`string > 1337 > uuid 3`] = `"fe6d8b8b-0db9-4fa2-b265-abc0a5d0ccf5"`;

exports[`string > 1337 > uuid 4`] = `"0b87afbd-8949-4dfb-8d04-19f4fe7458b2"`;

exports[`string > 1337 > uuid 5`] = `"0bcea83c-a7ea-428e-85db-d448f2b777a6"`;
