// Vitest Snapshot v1

exports[`word > 42 > adjective > noArgs 1`] = `"hasty"`;

exports[`word > 42 > adjective > with length = 10 1`] = `"gregarious"`;

exports[`word > 42 > adjective > with length = 20 1`] = `"hasty"`;

exports[`word > 42 > adjective > with options.length 1`] = `"gregarious"`;

exports[`word > 42 > adjective > with options.length and options.strategy 1`] = `"inconsequential"`;

exports[`word > 42 > adjective > with options.strategy 1`] = `"hot"`;

exports[`word > 42 > adverb > noArgs 1`] = `"jealously"`;

exports[`word > 42 > adverb > with length = 10 1`] = `"generously"`;

exports[`word > 42 > adverb > with length = 20 1`] = `"jealously"`;

exports[`word > 42 > adverb > with options.length 1`] = `"generously"`;

exports[`word > 42 > adverb > with options.length and options.strategy 1`] = `"enthusiastically"`;

exports[`word > 42 > adverb > with options.strategy 1`] = `"not"`;

exports[`word > 42 > conjunction > noArgs 1`] = `"instead"`;

exports[`word > 42 > conjunction > with length = 10 1`] = `"instead"`;

exports[`word > 42 > conjunction > with length = 20 1`] = `"instead"`;

exports[`word > 42 > conjunction > with options.length 1`] = `"instead"`;

exports[`word > 42 > conjunction > with options.length and options.strategy 1`] = `"consequently"`;

exports[`word > 42 > conjunction > with options.strategy 1`] = `"if"`;

exports[`word > 42 > interjection > noArgs 1`] = `"yahoo"`;

exports[`word > 42 > interjection > with length = 10 1`] = `"yahoo"`;

exports[`word > 42 > interjection > with length = 20 1`] = `"yahoo"`;

exports[`word > 42 > interjection > with options.length 1`] = `"yahoo"`;

exports[`word > 42 > interjection > with options.length and options.strategy 1`] = `"gadzooks"`;

exports[`word > 42 > interjection > with options.strategy 1`] = `"ah"`;

exports[`word > 42 > noun > noArgs 1`] = `"galley"`;

exports[`word > 42 > noun > with length = 10 1`] = `"extinction"`;

exports[`word > 42 > noun > with length = 20 1`] = `"galley"`;

exports[`word > 42 > noun > with options.length 1`] = `"extinction"`;

exports[`word > 42 > noun > with options.length and options.strategy 1`] = `"cross-contamination"`;

exports[`word > 42 > noun > with options.strategy 1`] = `"TV"`;

exports[`word > 42 > preposition > noArgs 1`] = `"concerning"`;

exports[`word > 42 > preposition > with length = 10 1`] = `"throughout"`;

exports[`word > 42 > preposition > with length = 20 1`] = `"concerning"`;

exports[`word > 42 > preposition > with options.length 1`] = `"throughout"`;

exports[`word > 42 > preposition > with options.length and options.strategy 1`] = `"notwithstanding"`;

exports[`word > 42 > preposition > with options.strategy 1`] = `"a"`;

exports[`word > 42 > sample > noArgs 1`] = `"eek"`;

exports[`word > 42 > sample > with length = 10 1`] = `"eek"`;

exports[`word > 42 > sample > with length = 20 1`] = `"eek"`;

exports[`word > 42 > sample > with options.length 1`] = `"eek"`;

exports[`word > 42 > sample > with options.length and options.strategy 1`] = `"gadzooks"`;

exports[`word > 42 > sample > with options.strategy 1`] = `"aw"`;

exports[`word > 42 > verb > noArgs 1`] = `"function"`;

exports[`word > 42 > verb > with length = 10 1`] = `"exasperate"`;

exports[`word > 42 > verb > with length = 20 1`] = `"function"`;

exports[`word > 42 > verb > with options.length 1`] = `"exasperate"`;

exports[`word > 42 > verb > with options.length and options.strategy 1`] = `"institutionalise"`;

exports[`word > 42 > verb > with options.strategy 1`] = `"cc"`;

exports[`word > 42 > words > noArgs 1`] = `"eek loudly alibi"`;

exports[`word > 42 > words > with count = 10 1`] = `"eek loudly alibi abnormally aw great-grandmother nor without conjoin mind"`;

exports[`word > 42 > words > with count = 20 1`] = `"eek loudly alibi abnormally aw great-grandmother nor without conjoin mind power till gadzooks yippee unbend gentle between offensive yowza hone"`;

exports[`word > 42 > words > with options.count 1`] = `"eek loudly alibi abnormally aw great-grandmother nor without conjoin mind"`;

exports[`word > 42 > words > with options.count range 1`] = `"nonbeliever stub across dreamily accurate chunder boo neuropathologist loftily through detoxify about when boohoo grasp busily to grouchy beneath"`;

exports[`word > 1211 > adjective > noArgs 1`] = `"vibrant"`;

exports[`word > 1211 > adjective > with length = 10 1`] = `"unpleasant"`;

exports[`word > 1211 > adjective > with length = 20 1`] = `"vibrant"`;

exports[`word > 1211 > adjective > with options.length 1`] = `"unpleasant"`;

exports[`word > 1211 > adjective > with options.length and options.strategy 1`] = `"well-documented"`;

exports[`word > 1211 > adjective > with options.strategy 1`] = `"wee"`;

exports[`word > 1211 > adverb > noArgs 1`] = `"viciously"`;

exports[`word > 1211 > adverb > with length = 10 1`] = `"unbearably"`;

exports[`word > 1211 > adverb > with length = 20 1`] = `"viciously"`;

exports[`word > 1211 > adverb > with options.length 1`] = `"unbearably"`;

exports[`word > 1211 > adverb > with options.length and options.strategy 1`] = `"enthusiastically"`;

exports[`word > 1211 > adverb > with options.strategy 1`] = `"too"`;

exports[`word > 1211 > conjunction > noArgs 1`] = `"whoever"`;

exports[`word > 1211 > conjunction > with length = 10 1`] = `"whoever"`;

exports[`word > 1211 > conjunction > with length = 20 1`] = `"whoever"`;

exports[`word > 1211 > conjunction > with options.length 1`] = `"whoever"`;

exports[`word > 1211 > conjunction > with options.length and options.strategy 1`] = `"incidentally"`;

exports[`word > 1211 > conjunction > with options.strategy 1`] = `"so"`;

exports[`word > 1211 > interjection > noArgs 1`] = `"er"`;

exports[`word > 1211 > interjection > with length = 10 1`] = `"er"`;

exports[`word > 1211 > interjection > with length = 20 1`] = `"er"`;

exports[`word > 1211 > interjection > with options.length 1`] = `"er"`;

exports[`word > 1211 > interjection > with options.length and options.strategy 1`] = `"gadzooks"`;

exports[`word > 1211 > interjection > with options.strategy 1`] = `"um"`;

exports[`word > 1211 > noun > noArgs 1`] = `"trigger"`;

exports[`word > 1211 > noun > with length = 10 1`] = `"trafficker"`;

exports[`word > 1211 > noun > with length = 20 1`] = `"trigger"`;

exports[`word > 1211 > noun > with options.length 1`] = `"trafficker"`;

exports[`word > 1211 > noun > with options.length and options.strategy 1`] = `"cross-contamination"`;

exports[`word > 1211 > noun > with options.strategy 1`] = `"ox"`;

exports[`word > 1211 > preposition > noArgs 1`] = `"upon"`;

exports[`word > 1211 > preposition > with length = 10 1`] = `"underneath"`;

exports[`word > 1211 > preposition > with length = 20 1`] = `"upon"`;

exports[`word > 1211 > preposition > with options.length 1`] = `"underneath"`;

exports[`word > 1211 > preposition > with options.length and options.strategy 1`] = `"notwithstanding"`;

exports[`word > 1211 > preposition > with options.strategy 1`] = `"a"`;

exports[`word > 1211 > sample > noArgs 1`] = `"youthfully"`;

exports[`word > 1211 > sample > with length = 10 1`] = `"youthfully"`;

exports[`word > 1211 > sample > with length = 20 1`] = `"youthfully"`;

exports[`word > 1211 > sample > with options.length 1`] = `"youthfully"`;

exports[`word > 1211 > sample > with options.length and options.strategy 1`] = `"enthusiastically"`;

exports[`word > 1211 > sample > with options.strategy 1`] = `"too"`;

exports[`word > 1211 > verb > noArgs 1`] = `"trick"`;

exports[`word > 1211 > verb > with length = 10 1`] = `"trampoline"`;

exports[`word > 1211 > verb > with length = 20 1`] = `"trick"`;

exports[`word > 1211 > verb > with options.length 1`] = `"trampoline"`;

exports[`word > 1211 > verb > with options.length and options.strategy 1`] = `"internationalize"`;

exports[`word > 1211 > verb > with options.strategy 1`] = `"up"`;

exports[`word > 1211 > words > noArgs 1`] = `"youthfully woot speedily"`;

exports[`word > 1211 > words > with count = 10 1`] = `"youthfully woot speedily gracefully positively hurry aw content thin monster"`;

exports[`word > 1211 > words > with count = 20 1`] = `"youthfully woot speedily gracefully positively hurry aw content thin monster cinch for moonscape motivate science consequently whether per upon but"`;

exports[`word > 1211 > words > with options.count 1`] = `"youthfully woot speedily gracefully positively hurry aw content thin monster"`;

exports[`word > 1211 > words > with options.count range 1`] = `"although instantly though which zowie salon except pumpkin frightened contain ark kindly next colorlessness out penalise internalize minus upgrade excitedly"`;

exports[`word > 1337 > adjective > noArgs 1`] = `"fair"`;

exports[`word > 1337 > adjective > with length = 10 1`] = `"enchanting"`;

exports[`word > 1337 > adjective > with length = 20 1`] = `"fair"`;

exports[`word > 1337 > adjective > with options.length 1`] = `"enchanting"`;

exports[`word > 1337 > adjective > with options.length and options.strategy 1`] = `"black-and-white"`;

exports[`word > 1337 > adjective > with options.strategy 1`] = `"far"`;

exports[`word > 1337 > adverb > noArgs 1`] = `"frankly"`;

exports[`word > 1337 > adverb > with length = 10 1`] = `"enormously"`;

exports[`word > 1337 > adverb > with length = 20 1`] = `"frankly"`;

exports[`word > 1337 > adverb > with options.length 1`] = `"enormously"`;

exports[`word > 1337 > adverb > with options.length and options.strategy 1`] = `"enthusiastically"`;

exports[`word > 1337 > adverb > with options.strategy 1`] = `"far"`;

exports[`word > 1337 > conjunction > noArgs 1`] = `"how"`;

exports[`word > 1337 > conjunction > with length = 10 1`] = `"how"`;

exports[`word > 1337 > conjunction > with length = 20 1`] = `"how"`;

exports[`word > 1337 > conjunction > with options.length 1`] = `"how"`;

exports[`word > 1337 > conjunction > with options.length and options.strategy 1`] = `"consequently"`;

exports[`word > 1337 > conjunction > with options.strategy 1`] = `"if"`;

exports[`word > 1337 > interjection > noArgs 1`] = `"ew"`;

exports[`word > 1337 > interjection > with length = 10 1`] = `"ew"`;

exports[`word > 1337 > interjection > with length = 20 1`] = `"ew"`;

exports[`word > 1337 > interjection > with options.length 1`] = `"ew"`;

exports[`word > 1337 > interjection > with options.length and options.strategy 1`] = `"gadzooks"`;

exports[`word > 1337 > interjection > with options.strategy 1`] = `"ah"`;

exports[`word > 1337 > noun > noArgs 1`] = `"digit"`;

exports[`word > 1337 > noun > with length = 10 1`] = `"depression"`;

exports[`word > 1337 > noun > with length = 20 1`] = `"digit"`;

exports[`word > 1337 > noun > with options.length 1`] = `"depression"`;

exports[`word > 1337 > noun > with options.length and options.strategy 1`] = `"cross-contamination"`;

exports[`word > 1337 > noun > with options.strategy 1`] = `"TV"`;

exports[`word > 1337 > preposition > noArgs 1`] = `"barring"`;

exports[`word > 1337 > preposition > with length = 10 1`] = `"concerning"`;

exports[`word > 1337 > preposition > with length = 20 1`] = `"barring"`;

exports[`word > 1337 > preposition > with options.length 1`] = `"concerning"`;

exports[`word > 1337 > preposition > with options.length and options.strategy 1`] = `"notwithstanding"`;

exports[`word > 1337 > preposition > with options.strategy 1`] = `"a"`;

exports[`word > 1337 > sample > noArgs 1`] = `"nor"`;

exports[`word > 1337 > sample > with length = 10 1`] = `"nor"`;

exports[`word > 1337 > sample > with length = 20 1`] = `"nor"`;

exports[`word > 1337 > sample > with options.length 1`] = `"nor"`;

exports[`word > 1337 > sample > with options.length and options.strategy 1`] = `"consequently"`;

exports[`word > 1337 > sample > with options.strategy 1`] = `"if"`;

exports[`word > 1337 > verb > noArgs 1`] = `"dispense"`;

exports[`word > 1337 > verb > with length = 10 1`] = `"demoralize"`;

exports[`word > 1337 > verb > with length = 20 1`] = `"dispense"`;

exports[`word > 1337 > verb > with options.length 1`] = `"demoralize"`;

exports[`word > 1337 > verb > with options.length and options.strategy 1`] = `"compartmentalize"`;

exports[`word > 1337 > verb > with options.strategy 1`] = `"be"`;

exports[`word > 1337 > words > noArgs 1`] = `"nor brr instead"`;

exports[`word > 1337 > words > with count = 10 1`] = `"nor brr instead anenst intently hard larder team vacation repentant"`;

exports[`word > 1337 > words > with count = 20 1`] = `"nor brr instead anenst intently hard larder team vacation repentant compress the where duh ugh embryo lather rudely plaintiff sesame"`;

exports[`word > 1337 > words > with options.count 1`] = `"nor brr instead anenst intently hard larder team vacation repentant"`;

exports[`word > 1337 > words > with options.count range 1`] = `"although within along limply loyally elegantly implicate maggot underneath afraid nor abrogate oof within gosh against editorialize sag"`;
