// Vitest Snapshot v1, https://vitest.dev/guide/snapshot.html

exports[`mersenne twister > seed: [42,1,2] > should return deterministic value for next() 1`] = `0.8562037477947299`;

exports[`mersenne twister > seed: [1211,1,2] > should return deterministic value for next() 1`] = `0.8916433279801971`;

exports[`mersenne twister > seed: [1337,1,2] > should return deterministic value for next() 1`] = `0.1799048722406084`;

exports[`mersenne twister > seed: 42 > should return deterministic value for next() 1`] = `0.37454011884736255`;

exports[`mersenne twister > seed: 1211 > should return deterministic value for next() 1`] = `0.9285201539025845`;

exports[`mersenne twister > seed: 1337 > should return deterministic value for next() 1`] = `0.26202467501558174`;
